Archive member included to satisfy reference by file (symbol)

C:/ST/STM32CubeIDE_1.19.0/STM32CubeIDE/plugins/com.st.stm32cube.ide.mcu.externaltools.gnu-tools-for-stm32.13.3.rel1.win32_1.0.0.202411081344/tools/bin/../lib/gcc/arm-none-eabi/13.3.1/../../../../arm-none-eabi/lib/thumb/v7e-m+fp/hard\libc_nano.a(libc_a-exit.o)
                              C:/ST/STM32CubeIDE_1.19.0/STM32CubeIDE/plugins/com.st.stm32cube.ide.mcu.externaltools.gnu-tools-for-stm32.13.3.rel1.win32_1.0.0.202411081344/tools/bin/../lib/gcc/arm-none-eabi/13.3.1/../../../../arm-none-eabi/lib/thumb/v7e-m+fp/hard/crt0.o (exit)
C:/ST/STM32CubeIDE_1.19.0/STM32CubeIDE/plugins/com.st.stm32cube.ide.mcu.externaltools.gnu-tools-for-stm32.13.3.rel1.win32_1.0.0.202411081344/tools/bin/../lib/gcc/arm-none-eabi/13.3.1/../../../../arm-none-eabi/lib/thumb/v7e-m+fp/hard\libc_nano.a(libc_a-findfp.o)
                              C:/ST/STM32CubeIDE_1.19.0/STM32CubeIDE/plugins/com.st.stm32cube.ide.mcu.externaltools.gnu-tools-for-stm32.13.3.rel1.win32_1.0.0.202411081344/tools/bin/../lib/gcc/arm-none-eabi/13.3.1/../../../../arm-none-eabi/lib/thumb/v7e-m+fp/hard\libc_nano.a(libc_a-exit.o) (__stdio_exit_handler)
C:/ST/STM32CubeIDE_1.19.0/STM32CubeIDE/plugins/com.st.stm32cube.ide.mcu.externaltools.gnu-tools-for-stm32.13.3.rel1.win32_1.0.0.202411081344/tools/bin/../lib/gcc/arm-none-eabi/13.3.1/../../../../arm-none-eabi/lib/thumb/v7e-m+fp/hard\libc_nano.a(libc_a-fwalk.o)
                              C:/ST/STM32CubeIDE_1.19.0/STM32CubeIDE/plugins/com.st.stm32cube.ide.mcu.externaltools.gnu-tools-for-stm32.13.3.rel1.win32_1.0.0.202411081344/tools/bin/../lib/gcc/arm-none-eabi/13.3.1/../../../../arm-none-eabi/lib/thumb/v7e-m+fp/hard\libc_nano.a(libc_a-findfp.o) (_fwalk_sglue)
C:/ST/STM32CubeIDE_1.19.0/STM32CubeIDE/plugins/com.st.stm32cube.ide.mcu.externaltools.gnu-tools-for-stm32.13.3.rel1.win32_1.0.0.202411081344/tools/bin/../lib/gcc/arm-none-eabi/13.3.1/../../../../arm-none-eabi/lib/thumb/v7e-m+fp/hard\libc_nano.a(libc_a-stdio.o)
                              C:/ST/STM32CubeIDE_1.19.0/STM32CubeIDE/plugins/com.st.stm32cube.ide.mcu.externaltools.gnu-tools-for-stm32.13.3.rel1.win32_1.0.0.202411081344/tools/bin/../lib/gcc/arm-none-eabi/13.3.1/../../../../arm-none-eabi/lib/thumb/v7e-m+fp/hard\libc_nano.a(libc_a-findfp.o) (__sread)
C:/ST/STM32CubeIDE_1.19.0/STM32CubeIDE/plugins/com.st.stm32cube.ide.mcu.externaltools.gnu-tools-for-stm32.13.3.rel1.win32_1.0.0.202411081344/tools/bin/../lib/gcc/arm-none-eabi/13.3.1/../../../../arm-none-eabi/lib/thumb/v7e-m+fp/hard\libc_nano.a(libc_a-memset.o)
                              C:/ST/STM32CubeIDE_1.19.0/STM32CubeIDE/plugins/com.st.stm32cube.ide.mcu.externaltools.gnu-tools-for-stm32.13.3.rel1.win32_1.0.0.202411081344/tools/bin/../lib/gcc/arm-none-eabi/13.3.1/../../../../arm-none-eabi/lib/thumb/v7e-m+fp/hard/crt0.o (memset)
C:/ST/STM32CubeIDE_1.19.0/STM32CubeIDE/plugins/com.st.stm32cube.ide.mcu.externaltools.gnu-tools-for-stm32.13.3.rel1.win32_1.0.0.202411081344/tools/bin/../lib/gcc/arm-none-eabi/13.3.1/../../../../arm-none-eabi/lib/thumb/v7e-m+fp/hard\libc_nano.a(libc_a-closer.o)
                              C:/ST/STM32CubeIDE_1.19.0/STM32CubeIDE/plugins/com.st.stm32cube.ide.mcu.externaltools.gnu-tools-for-stm32.13.3.rel1.win32_1.0.0.202411081344/tools/bin/../lib/gcc/arm-none-eabi/13.3.1/../../../../arm-none-eabi/lib/thumb/v7e-m+fp/hard\libc_nano.a(libc_a-stdio.o) (_close_r)
C:/ST/STM32CubeIDE_1.19.0/STM32CubeIDE/plugins/com.st.stm32cube.ide.mcu.externaltools.gnu-tools-for-stm32.13.3.rel1.win32_1.0.0.202411081344/tools/bin/../lib/gcc/arm-none-eabi/13.3.1/../../../../arm-none-eabi/lib/thumb/v7e-m+fp/hard\libc_nano.a(libc_a-reent.o)
                              C:/ST/STM32CubeIDE_1.19.0/STM32CubeIDE/plugins/com.st.stm32cube.ide.mcu.externaltools.gnu-tools-for-stm32.13.3.rel1.win32_1.0.0.202411081344/tools/bin/../lib/gcc/arm-none-eabi/13.3.1/../../../../arm-none-eabi/lib/thumb/v7e-m+fp/hard\libc_nano.a(libc_a-closer.o) (errno)
C:/ST/STM32CubeIDE_1.19.0/STM32CubeIDE/plugins/com.st.stm32cube.ide.mcu.externaltools.gnu-tools-for-stm32.13.3.rel1.win32_1.0.0.202411081344/tools/bin/../lib/gcc/arm-none-eabi/13.3.1/../../../../arm-none-eabi/lib/thumb/v7e-m+fp/hard\libc_nano.a(libc_a-impure.o)
                              C:/ST/STM32CubeIDE_1.19.0/STM32CubeIDE/plugins/com.st.stm32cube.ide.mcu.externaltools.gnu-tools-for-stm32.13.3.rel1.win32_1.0.0.202411081344/tools/bin/../lib/gcc/arm-none-eabi/13.3.1/../../../../arm-none-eabi/lib/thumb/v7e-m+fp/hard\libc_nano.a(libc_a-reent.o) (_impure_ptr)
C:/ST/STM32CubeIDE_1.19.0/STM32CubeIDE/plugins/com.st.stm32cube.ide.mcu.externaltools.gnu-tools-for-stm32.13.3.rel1.win32_1.0.0.202411081344/tools/bin/../lib/gcc/arm-none-eabi/13.3.1/../../../../arm-none-eabi/lib/thumb/v7e-m+fp/hard\libc_nano.a(libc_a-lseekr.o)
[...]
Memory Configuration

Name             Origin             Length             Attributes
RAM              0x20000000         0x00020000         xrw
FLASH            0x08000000         0x00080000         xr
*default*        0x00000000         0xffffffff

Linker script and memory map

LOAD C:/ST/STM32CubeIDE_1.19.0/STM32CubeIDE/plugins/com.st.stm32cube.ide.mcu.externaltools.gnu-tools-for-stm32.13.3.rel1.win32_1.0.0.202411081344/tools/bin/../lib/gcc/arm-none-eabi/13.3.1/thumb/v7e-m+fp/hard/crti.o
LOAD C:/ST/STM32CubeIDE_1.19.0/STM32CubeIDE/plugins/com.st.stm32cube.ide.mcu.externaltools.gnu-tools-for-stm32.13.3.rel1.win32_1.0.0.202411081344/tools/bin/../lib/gcc/arm-none-eabi/13.3.1/thumb/v7e-m+fp/hard/crtbegin.o
LOAD C:/ST/STM32CubeIDE_1.19.0/STM32CubeIDE/plugins/com.st.stm32cube.ide.mcu.externaltools.gnu-tools-for-stm32.13.3.rel1.win32_1.0.0.202411081344/tools/bin/../lib/gcc/arm-none-eabi/13.3.1/../../../../arm-none-eabi/lib/thumb/v7e-m+fp/hard/crt0.o
LOAD ./Application_layer/Src/App_LCD.o
LOAD ./Common_layer/Src/Comm_LCD.o
LOAD ./Common_layer/Src/com_rtos.o
LOAD ./Core/Src/freertos.o
LOAD ./Core/Src/main.o
LOAD ./Core/Src/stm32f4xx_hal_msp.o
LOAD ./Core/Src/stm32f4xx_it.o
LOAD ./Core/Src/syscalls.o
LOAD ./Core/Src/sysmem.o
LOAD ./Core/Src/system_stm32f4xx.o
LOAD ./Core/Startup/startup_stm32f446retx.o
LOAD ./Drivers/STM32F4xx_HAL_Driver/Src/stm32f4xx_hal.o
LOAD ./Drivers/STM32F4xx_HAL_Driver/Src/stm32f4xx_hal_cortex.o
LOAD ./Drivers/STM32F4xx_HAL_Driver/Src/stm32f4xx_hal_dma.o
LOAD ./Drivers/STM32F4xx_HAL_Driver/Src/stm32f4xx_hal_dma_ex.o
LOAD ./Drivers/STM32F4xx_HAL_Driver/Src/stm32f4xx_hal_exti.o
LOAD ./Drivers/STM32F4xx_HAL_Driver/Src/stm32f4xx_hal_flash.o
LOAD ./Drivers/STM32F4xx_HAL_Driver/Src/stm32f4xx_hal_flash_ex.o
LOAD ./Drivers/STM32F4xx_HAL_Driver/Src/stm32f4xx_hal_flash_ramfunc.o
LOAD ./Drivers/STM32F4xx_HAL_Driver/Src/stm32f4xx_hal_gpio.o
LOAD ./Drivers/STM32F4xx_HAL_Driver/Src/stm32f4xx_hal_i2c.o
LOAD ./Drivers/STM32F4xx_HAL_Driver/Src/stm32f4xx_hal_i2c_ex.o
LOAD ./Drivers/STM32F4xx_HAL_Driver/Src/stm32f4xx_hal_pwr.o
LOAD ./Drivers/STM32F4xx_HAL_Driver/Src/stm32f4xx_hal_pwr_ex.o
LOAD ./Drivers/STM32F4xx_HAL_Driver/Src/stm32f4xx_hal_rcc.o
LOAD ./Drivers/STM32F4xx_HAL_Driver/Src/stm32f4xx_hal_rcc_ex.o
LOAD ./Middlewares/Third_Party/FreeRTOS/Source/CMSIS_RTOS_V2/cmsis_os2.o
LOAD ./Middlewares/Third_Party/FreeRTOS/Source/croutine.o
LOAD ./Middlewares/Third_Party/FreeRTOS/Source/event_groups.o
LOAD ./Middlewares/Third_Party/FreeRTOS/Source/list.o
LOAD ./Middlewares/Third_Party/FreeRTOS/Source/queue.o
LOAD ./Middlewares/Third_Party/FreeRTOS/Source/stream_buffer.o
LOAD ./Middlewares/Third_Party/FreeRTOS/Source/tasks.o
LOAD ./Middlewares/Third_Party/FreeRTOS/Source/timers.o
LOAD ./Middlewares/Third_Party/FreeRTOS/Source/portable/GCC/ARM_CM4F/port.o
LOAD ./Middlewares/Third_Party/FreeRTOS/Source/portable/MemMang/heap_4.o
LOAD ./Project_layer/Src/TCM.o
START GROUP
LOAD C:/ST/STM32CubeIDE_1.19.0/STM32CubeIDE/plugins/com.st.stm32cube.ide.mcu.externaltools.gnu-tools-for-stm32.13.3.rel1.win32_1.0.0.202411081344/tools/bin/../lib/gcc/arm-none-eabi/13.3.1/../../../../arm-none-eabi/lib/thumb/v7e-m+fp/hard\libc_nano.a
LOAD C:/ST/STM32CubeIDE_1.19.0/STM32CubeIDE/plugins/com.st.stm32cube.ide.mcu.externaltools.gnu-tools-for-stm32.13.3.rel1.win32_1.0.0.202411081344/tools/bin/../lib/gcc/arm-none-eabi/13.3.1/../../../../arm-none-eabi/lib/thumb/v7e-m+fp/hard\libm.a
END GROUP
START GROUP
LOAD C:/ST/STM32CubeIDE_1.19.0/STM32CubeIDE/plugins/com.st.stm32cube.ide.mcu.externaltools.gnu-tools-for-stm32.13.3.rel1.win32_1.0.0.202411081344/tools/bin/../lib/gcc/arm-none-eabi/13.3.1/thumb/v7e-m+fp/hard\libgcc.a
LOAD C:/ST/STM32CubeIDE_1.19.0/STM32CubeIDE/plugins/com.st.stm32cube.ide.mcu.externaltools.gnu-tools-for-stm32.13.3.rel1.win32_1.0.0.202411081344/tools/bin/../lib/gcc/arm-none-eabi/13.3.1/../../../../arm-none-eabi/lib/thumb/v7e-m+fp/hard\libc_nano.a
END GROUP
START GROUP
LOAD C:/ST/STM32CubeIDE_1.19.0/STM32CubeIDE/plugins/com.st.stm32cube.ide.mcu.externaltools.gnu-tools-for-stm32.13.3.rel1.win32_1.0.0.202411081344/tools/bin/../lib/gcc/arm-none-eabi/13.3.1/thumb/v7e-m+fp/hard\libgcc.a
LOAD C:/ST/STM32CubeIDE_1.19.0/STM32CubeIDE/plugins/com.st.stm32cube.ide.mcu.externaltools.gnu-tools-for-stm32.13.3.rel1.win32_1.0.0.202411081344/tools/bin/../lib/gcc/arm-none-eabi/13.3.1/../../../../arm-none-eabi/lib/thumb/v7e-m+fp/hard\libc_nano.a
LOAD C:/ST/STM32CubeIDE_1.19.0/STM32CubeIDE/plugins/com.st.stm32cube.ide.mcu.externaltools.gnu-tools-for-stm32.13.3.rel1.win32_1.0.0.202411081344/tools/bin/../lib/gcc/arm-none-eabi/13.3.1/../../../../arm-none-eabi/lib/thumb/v7e-m+fp/hard\libnosys.a
END GROUP
START GROUP
LOAD C:/ST/STM32CubeIDE_1.19.0/STM32CubeIDE/plugins/com.st.stm32cube.ide.mcu.externaltools.gnu-tools-for-stm32.13.3.rel1.win32_1.0.0.202411081344/tools/bin/../lib/gcc/arm-none-eabi/13.3.1/thumb/v7e-m+fp/hard\libgcc.a
LOAD C:/ST/STM32CubeIDE_1.19.0/STM32CubeIDE/plugins/com.st.stm32cube.ide.mcu.externaltools.gnu-tools-for-stm32.13.3.rel1.win32_1.0.0.202411081344/tools/bin/../lib/gcc/arm-none-eabi/13.3.1/../../../../arm-none-eabi/lib/thumb/v7e-m+fp/hard\libc_nano.a
LOAD C:/ST/STM32CubeIDE_1.19.0/STM32CubeIDE/plugins/com.st.stm32cube.ide.mcu.externaltools.gnu-tools-for-stm32.13.3.rel1.win32_1.0.0.202411081344/tools/bin/../lib/gcc/arm-none-eabi/13.3.1/../../../../arm-none-eabi/lib/thumb/v7e-m+fp/hard\libnosys.a
END GROUP
LOAD C:/ST/STM32CubeIDE_1.19.0/STM32CubeIDE/plugins/com.st.stm32cube.ide.mcu.externaltools.gnu-tools-for-stm32.13.3.rel1.win32_1.0.0.202411081344/tools/bin/../lib/gcc/arm-none-eabi/13.3.1/thumb/v7e-m+fp/hard/crtend.o
LOAD C:/ST/STM32CubeIDE_1.19.0/STM32CubeIDE/plugins/com.st.stm32cube.ide.mcu.externaltools.gnu-tools-for-stm32.13.3.rel1.win32_1.0.0.202411081344/tools/bin/../lib/gcc/arm-none-eabi/13.3.1/thumb/v7e-m+fp/hard/crtn.o
                0x20020000                        _estack = (ORIGIN (RAM) + LENGTH (RAM))
                0x00000200                        _Min_Heap_Size = 0x200
                0x00000400                        _Min_Stack_Size = 0x400

.isr_vector     0x08000000      0x1c4
                0x08000000                        . = ALIGN (0x4)
 *(.isr_vector)
 .isr_vector    0x08000000      0x1c4 ./Core/Startup/startup_stm32f446retx.o
                0x08000000                g_pfnVectors
                0x080001c4                        . = ALIGN (0x4)

.text           0x080001d0     0x5054
                0x080001d0                        . = ALIGN (0x4)
 *(.text)
 .text          0x080001d0       0x40 C:/ST/STM32CubeIDE_1.19.0/STM32CubeIDE/plugins/com.st.stm32cube.ide.mcu.externaltools.gnu-tools-for-stm32.13.3.rel1.win32_1.0.0.202411081344/tools/bin/../lib/gcc/arm-none-eabi/13.3.1/thumb/v7e-m+fp/hard/crtbegin.o
 .text          0x08000210       0x30 C:/ST/STM32CubeIDE_1.19.0/STM32CubeIDE/plugins/com.st.stm32cube.ide.mcu.externaltools.gnu-tools-for-stm32.13.3.rel1.win32_1.0.0.202411081344/tools/bin/../lib/gcc/arm-none-eabi/13.3.1/thumb/v7e-m+fp/hard\libgcc.a(_aeabi_uldivmod.o)
                0x08000210                __aeabi_uldivmod
 .text          0x08000240      0x2f8 C:/ST/STM32CubeIDE_1.19.0/STM32CubeIDE/plugins/com.st.stm32cube.ide.mcu.externaltools.gnu-tools-for-stm32.13.3.rel1.win32_1.0.0.202411081344/tools/bin/../lib/gcc/arm-none-eabi/13.3.1/thumb/v7e-m+fp/hard\libgcc.a(_udivmoddi4.o)
                0x08000240                __udivmoddi4
 .text          0x08000538        0x4 C:/ST/STM32CubeIDE_1.19.0/STM32CubeIDE/plugins/com.st.stm32cube.ide.mcu.externaltools.gnu-tools-for-stm32.13.3.rel1.win32_1.0.0.202411081344/tools/bin/../lib/gcc/arm-none-eabi/13.3.1/thumb/v7e-m+fp/hard\libgcc.a(_dvmd_tls.o)
                0x08000538                __aeabi_idiv0
                0x08000538                __aeabi_ldiv0
 *(.text*)
 .text.LCD_Handler
                0x0800053c       0x28 ./Application_layer/Src/App_LCD.o
                0x0800053c                LCD_Handler
 .text.TCM_lcd_send_cmd
                0x08000564       0x80 ./Application_layer/Src/App_LCD.o
                0x08000564                TCM_lcd_send_cmd
 .text.TCM_lcd_send_data
                0x080005e4       0x60 ./Application_layer/Src/App_LCD.o
                0x080005e4                TCM_lcd_send_data
 .text.TCM_lcd_clear
                0x08000644       0x14 ./Application_layer/Src/App_LCD.o
                0x08000644                TCM_lcd_clear
 .text.TCM_lcd_init
                0x08000658       0x6c ./Application_layer/Src/App_LCD.o
                0x08000658                TCM_lcd_init
 .text.TCM_lcd_send_string
                0x080006c4       0x2a ./Application_layer/Src/App_LCD.o
                0x080006c4                TCM_lcd_send_string
 .text.i2c_master_transmit
                0x080006ee       0x2e ./Common_layer/Src/Comm_LCD.o
                0x080006ee                i2c_master_transmit
 .text.TCM_SystemClock_Config
                0x0800071c       0xdc ./Common_layer/Src/Comm_LCD.o
                0x0800071c                TCM_SystemClock_Config
 .text.TCM_MX_I2C1_Init
                0x080007f8       0x5c ./Common_layer/Src/Comm_LCD.o
                0x080007f8                TCM_MX_I2C1_Init
 .text.TCM_MX_GPIO_Init
                0x08000854       0x34 ./Common_layer/Src/Comm_LCD.o
                0x08000854                TCM_MX_GPIO_Init
 .text.My_osThreadNew
                0x08000888       0x20 ./Common_layer/Src/com_rtos.o
                0x08000888                My_osThreadNew
 .text.MX_FREERTOS_Init
                0x080008a8       0x84 ./Core/Src/freertos.o
                0x080008a8                MX_FREERTOS_Init
 .text.StartDefaultTask
                0x0800092c       0x10 ./Core/Src/freertos.o
                0x0800092c                StartDefaultTask
 .text.LCDTask  0x0800093c       0x18 ./Core/Src/freertos.o
                0x0800093c                LCDTask
 .text.main     0x08000954       0x24 ./Core/Src/main.o
                0x08000954                main
 .text.Error_Handler
                0x08000978        0xc ./Core/Src/main.o
                0x08000978                Error_Handler
 .text.HAL_MspInit
                0x08000984       0x50 ./Core/Src/stm32f4xx_hal_msp.o
                0x08000984                HAL_MspInit
 .text.HAL_I2C_MspInit
                0x080009d4       0x90 ./Core/Src/stm32f4xx_hal_msp.o
                0x080009d4                HAL_I2C_MspInit
 .text.NMI_Handler
                0x08000a64        0x8 ./Core/Src/stm32f4xx_it.o
                0x08000a64                NMI_Handler
 .text.HardFault_Handler
                0x08000a6c        0x8 ./Core/Src/stm32f4xx_it.o
                0x08000a6c                HardFault_Handler
 .text.MemManage_Handler
                0x08000a74        0x8 ./Core/Src/stm32f4xx_it.o
                0x08000a74                MemManage_Handler
 .text.BusFault_Handler
                0x08000a7c        0x8 ./Core/Src/stm32f4xx_it.o
                0x08000a7c                BusFault_Handler
 .text.UsageFault_Handler
                0x08000a84        0x8 ./Core/Src/stm32f4xx_it.o
                0x08000a84                UsageFault_Handler
 .text.DebugMon_Handler
                0x08000a8c        0xe ./Core/Src/stm32f4xx_it.o
                0x08000a8c                DebugMon_Handler
 .text.SysTick_Handler
                0x08000a9a       0x1a ./Core/Src/stm32f4xx_it.o
                0x08000a9a                SysTick_Handler
 .text.SystemInit
                0x08000ab4       0x24 ./Core/Src/system_stm32f4xx.o
                0x08000ab4                SystemInit
 .text.Reset_Handler
                0x08000ad8       0x50 ./Core/Startup/startup_stm32f446retx.o
                0x08000ad8                Reset_Handler
 .text.Default_Handler
                0x08000b28        0x2 ./Core/Startup/startup_stm32f446retx.o
                0x08000b28                RTC_Alarm_IRQHandler
                0x08000b28                EXTI2_IRQHandler
                0x08000b28                TIM8_CC_IRQHandler
                0x08000b28                FMPI2C1_EV_IRQHandler
                0x08000b28                SPI4_IRQHandler
                0x08000b28                TIM1_CC_IRQHandler
                0x08000b28                DMA2_Stream5_IRQHandler
                0x08000b28                DMA1_Stream5_IRQHandler
                0x08000b28                PVD_IRQHandler
                0x08000b28                SDIO_IRQHandler
                0x08000b28                TAMP_STAMP_IRQHandler
                0x08000b28                CAN2_RX1_IRQHandler
                0x08000b28                EXTI3_IRQHandler
                0x08000b28                TIM8_TRG_COM_TIM14_IRQHandler
                0x08000b28                TIM1_UP_TIM10_IRQHandler
                0x08000b28                TIM8_UP_TIM13_IRQHandler
                0x08000b28                I2C3_ER_IRQHandler
                0x08000b28                EXTI0_IRQHandler
                0x08000b28                I2C2_EV_IRQHandler
                0x08000b28                DMA1_Stream2_IRQHandler
                0x08000b28                CAN1_RX0_IRQHandler
                0x08000b28                FPU_IRQHandler
                0x08000b28                OTG_HS_WKUP_IRQHandler
                0x08000b28                CAN2_SCE_IRQHandler
                0x08000b28                DMA2_Stream2_IRQHandler
                0x08000b28                SPI1_IRQHandler
                0x08000b28                TIM6_DAC_IRQHandler
                0x08000b28                TIM1_BRK_TIM9_IRQHandler
                0x08000b28                DCMI_IRQHandler
                0x08000b28                CAN2_RX0_IRQHandler
                0x08000b28                DMA2_Stream3_IRQHandler
                0x08000b28                SAI2_IRQHandler
                0x08000b28                USART6_IRQHandler
                0x08000b28                USART3_IRQHandler
                0x08000b28                CAN1_RX1_IRQHandler
                0x08000b28                UART5_IRQHandler
                0x08000b28                DMA2_Stream0_IRQHandler
                0x08000b28                TIM4_IRQHandler
                0x08000b28                QUADSPI_IRQHandler
                0x08000b28                I2C1_EV_IRQHandler
                0x08000b28                DMA1_Stream6_IRQHandler
                0x08000b28                DMA1_Stream1_IRQHandler
                0x08000b28                UART4_IRQHandler
                0x08000b28                TIM3_IRQHandler
                0x08000b28                RCC_IRQHandler
                0x08000b28                TIM8_BRK_TIM12_IRQHandler
                0x08000b28                Default_Handler
                0x08000b28                CEC_IRQHandler
                0x08000b28                EXTI15_10_IRQHandler
                0x08000b28                ADC_IRQHandler
                0x08000b28                DMA1_Stream7_IRQHandler
                0x08000b28                TIM7_IRQHandler
                0x08000b28                CAN2_TX_IRQHandler
                0x08000b28                TIM5_IRQHandler
                0x08000b28                DMA2_Stream7_IRQHandler
                0x08000b28                I2C3_EV_IRQHandler
                0x08000b28                EXTI9_5_IRQHandler
                0x08000b28                RTC_WKUP_IRQHandler
                0x08000b28                SPDIF_RX_IRQHandler
                0x08000b28                SPI2_IRQHandler
                0x08000b28                OTG_HS_EP1_IN_IRQHandler
                0x08000b28                DMA1_Stream0_IRQHandler
                0x08000b28                CAN1_TX_IRQHandler
                0x08000b28                FMPI2C1_ER_IRQHandler
                0x08000b28                EXTI4_IRQHandler
                0x08000b28                OTG_HS_EP1_OUT_IRQHandler
                0x08000b28                WWDG_IRQHandler
                0x08000b28                TIM2_IRQHandler
                0x08000b28                OTG_FS_WKUP_IRQHandler
                0x08000b28                TIM1_TRG_COM_TIM11_IRQHandler
                0x08000b28                OTG_HS_IRQHandler
                0x08000b28                EXTI1_IRQHandler
                0x08000b28                USART2_IRQHandler
                0x08000b28                I2C2_ER_IRQHandler
                0x08000b28                DMA2_Stream1_IRQHandler
                0x08000b28                CAN1_SCE_IRQHandler
                0x08000b28                FLASH_IRQHandler
                0x08000b28                DMA2_Stream4_IRQHandler
                0x08000b28                USART1_IRQHandler
                0x08000b28                OTG_FS_IRQHandler
                0x08000b28                SPI3_IRQHandler
                0x08000b28                DMA1_Stream4_IRQHandler
                0x08000b28                I2C1_ER_IRQHandler
                0x08000b28                FMC_IRQHandler
                0x08000b28                DMA2_Stream6_IRQHandler
                0x08000b28                SAI1_IRQHandler
                0x08000b28                DMA1_Stream3_IRQHandler
 *fill*         0x08000b2a        0x2 
 .text.HAL_Init
                0x08000b2c       0x44 ./Drivers/STM32F4xx_HAL_Driver/Src/stm32f4xx_hal.o
                0x08000b2c                HAL_Init
 .text.HAL_InitTick
                0x08000b70       0x60 ./Drivers/STM32F4xx_HAL_Driver/Src/stm32f4xx_hal.o
                0x08000b70                HAL_InitTick
 .text.HAL_IncTick
                0x08000bd0       0x28 ./Drivers/STM32F4xx_HAL_Driver/Src/stm32f4xx_hal.o
                0x08000bd0                HAL_IncTick
 .text.HAL_GetTick
                0x08000bf8       0x18 ./Drivers/STM32F4xx_HAL_Driver/Src/stm32f4xx_hal.o
                0x08000bf8                HAL_GetTick
 .text.HAL_Delay
                0x08000c10       0x48 ./Drivers/STM32F4xx_HAL_Driver/Src/stm32f4xx_hal.o
                0x08000c10                HAL_Delay
 .text.__NVIC_SetPriorityGrouping
                0x08000c58       0x48 ./Drivers/STM32F4xx_HAL_Driver/Src/stm32f4xx_hal_cortex.o
 .text.__NVIC_GetPriorityGrouping
                0x08000ca0       0x1c ./Drivers/STM32F4xx_HAL_Driver/Src/stm32f4xx_hal_cortex.o
 .text.__NVIC_SetPriority
                0x08000cbc       0x54 ./Drivers/STM32F4xx_HAL_Driver/Src/stm32f4xx_hal_cortex.o
 .text.NVIC_EncodePriority
                0x08000d10       0x66 ./Drivers/STM32F4xx_HAL_Driver/Src/stm32f4xx_hal_cortex.o
 *fill*         0x08000d76        0x2 
 .text.SysTick_Config
                0x08000d78       0x44 ./Drivers/STM32F4xx_HAL_Driver/Src/stm32f4xx_hal_cortex.o
 .text.HAL_NVIC_SetPriorityGrouping
                0x08000dbc       0x16 ./Drivers/STM32F4xx_HAL_Driver/Src/stm32f4xx_hal_cortex.o
                0x08000dbc                HAL_NVIC_SetPriorityGrouping
 .text.HAL_NVIC_SetPriority
                0x08000dd2       0x38 ./Drivers/STM32F4xx_HAL_Driver/Src/stm32f4xx_hal_cortex.o
                0x08000dd2                HAL_NVIC_SetPriority
 .text.HAL_SYSTICK_Config
                0x08000e0a       0x18 ./Drivers/STM32F4xx_HAL_Driver/Src/stm32f4xx_hal_cortex.o
                0x08000e0a                HAL_SYSTICK_Config
 *fill*         0x08000e22        0x2 
 .text.HAL_GPIO_Init
                0x08000e24      0x328 ./Drivers/STM32F4xx_HAL_Driver/Src/stm32f4xx_hal_gpio.o
                0x08000e24                HAL_GPIO_Init
 .text.HAL_I2C_Init
                0x0800114c      0x288 ./Drivers/STM32F4xx_HAL_Driver/Src/stm32f4xx_hal_i2c.o
                0x0800114c                HAL_I2C_Init
 .text.HAL_I2C_Master_Transmit
                0x080013d4      0x1fc ./Drivers/STM32F4xx_HAL_Driver/Src/stm32f4xx_hal_i2c.o
                0x080013d4                HAL_I2C_Master_Transmit
 .text.I2C_MasterRequestWrite
                0x080015d0      0x104 ./Drivers/STM32F4xx_HAL_Driver/Src/stm32f4xx_hal_i2c.o
 .text.I2C_WaitOnFlagUntilTimeout
                0x080016d4       0xf4 ./Drivers/STM32F4xx_HAL_Driver/Src/stm32f4xx_hal_i2c.o
 .text.I2C_WaitOnMasterAddressFlagUntilTimeout
                0x080017c8      0x140 ./Drivers/STM32F4xx_HAL_Driver/Src/stm32f4xx_hal_i2c.o
 .text.I2C_WaitOnTXEFlagUntilTimeout
                0x08001908       0x90 ./Drivers/STM32F4xx_HAL_Driver/Src/stm32f4xx_hal_i2c.o
 .text.I2C_WaitOnBTFFlagUntilTimeout
                0x08001998       0x90 ./Drivers/STM32F4xx_HAL_Driver/Src/stm32f4xx_hal_i2c.o
 .text.I2C_IsAcknowledgeFailed
                0x08001a28       0x5e ./Drivers/STM32F4xx_HAL_Driver/Src/stm32f4xx_hal_i2c.o
 *fill*         0x08001a86        0x2 
 .text.HAL_RCC_ClockConfig
                0x08001a88      0x1cc ./Drivers/STM32F4xx_HAL_Driver/Src/stm32f4xx_hal_rcc.o
                0x08001a88                HAL_RCC_ClockConfig
 .text.HAL_RCC_GetHCLKFreq
                0x08001c54       0x18 ./Drivers/STM32F4xx_HAL_Driver/Src/stm32f4xx_hal_rcc.o
                0x08001c54                HAL_RCC_GetHCLKFreq
 .text.HAL_RCC_GetPCLK1Freq
                0x08001c6c       0x28 ./Drivers/STM32F4xx_HAL_Driver/Src/stm32f4xx_hal_rcc.o
                0x08001c6c                HAL_RCC_GetPCLK1Freq
 .text.HAL_RCC_GetSysClockFreq
                0x08001c94      0x460 ./Drivers/STM32F4xx_HAL_Driver/Src/stm32f4xx_hal_rcc_ex.o
                0x08001c94                HAL_RCC_GetSysClockFreq
 .text.HAL_RCC_OscConfig
                0x080020f4      0x53c ./Drivers/STM32F4xx_HAL_Driver/Src/stm32f4xx_hal_rcc_ex.o
                0x080020f4                HAL_RCC_OscConfig
 .text.__NVIC_SetPriority
                0x08002630       0x54 ./Middlewares/Third_Party/FreeRTOS/Source/CMSIS_RTOS_V2/cmsis_os2.o
 .text.SVC_Setup
                0x08002684       0x12 ./Middlewares/Third_Party/FreeRTOS/Source/CMSIS_RTOS_V2/cmsis_os2.o
 *fill*         0x08002696        0x2 
 .text.osKernelInitialize
                0x08002698       0x48 ./Middlewares/Third_Party/FreeRTOS/Source/CMSIS_RTOS_V2/cmsis_os2.o
                0x08002698                osKernelInitialize
 .text.osKernelStart
                0x080026e0       0x4c ./Middlewares/Third_Party/FreeRTOS/Source/CMSIS_RTOS_V2/cmsis_os2.o
                0x080026e0                osKernelStart
 .text.osThreadNew
                0x0800272c      0x124 ./Middlewares/Third_Party/FreeRTOS/Source/CMSIS_RTOS_V2/cmsis_os2.o
                0x0800272c                osThreadNew
 .text.osDelay  0x08002850       0x36 ./Middlewares/Third_Party/FreeRTOS/Source/CMSIS_RTOS_V2/cmsis_os2.o
                0x08002850                osDelay
 *fill*         0x08002886        0x2 
 .text.vApplicationGetIdleTaskMemory
                0x08002888       0x34 ./Middlewares/Third_Party/FreeRTOS/Source/CMSIS_RTOS_V2/cmsis_os2.o
                0x08002888                vApplicationGetIdleTaskMemory
 .text.vApplicationGetTimerTaskMemory
                0x080028bc       0x34 ./Middlewares/Third_Party/FreeRTOS/Source/CMSIS_RTOS_V2/cmsis_os2.o
                0x080028bc                vApplicationGetTimerTaskMemory
 .text.vListInitialise
                0x080028f0       0x40 ./Middlewares/Third_Party/FreeRTOS/Source/list.o
                0x080028f0                vListInitialise
 .text.vListInitialiseItem
                0x08002930       0x1a ./Middlewares/Third_Party/FreeRTOS/Source/list.o
                0x08002930                vListInitialiseItem
 .text.vListInsertEnd
                0x0800294a       0x48 ./Middlewares/Third_Party/FreeRTOS/Source/list.o
                0x0800294a                vListInsertEnd
 .text.vListInsert
                0x08002992       0x72 ./Middlewares/Third_Party/FreeRTOS/Source/list.o
                0x08002992                vListInsert
 .text.uxListRemove
                0x08002a04       0x54 ./Middlewares/Third_Party/FreeRTOS/Source/list.o
                0x08002a04                uxListRemove
 .text.xQueueGenericReset
                0x08002a58       0xd4 ./Middlewares/Third_Party/FreeRTOS/Source/queue.o
                0x08002a58                xQueueGenericReset
 .text.xQueueGenericCreateStatic
                0x08002b2c       0xfa ./Middlewares/Third_Party/FreeRTOS/Source/queue.o
                0x08002b2c                xQueueGenericCreateStatic
 .text.prvInitialiseNewQueue
                0x08002c26       0x46 ./Middlewares/Third_Party/FreeRTOS/Source/queue.o
 .text.xQueueGenericSend
                0x08002c6c      0x204 ./Middlewares/Third_Party/FreeRTOS/Source/queue.o
                0x08002c6c                xQueueGenericSend
 .text.xQueueGenericSendFromISR
                0x08002e70      0x13c ./Middlewares/Third_Party/FreeRTOS/Source/queue.o
                0x08002e70                xQueueGenericSendFromISR
 .text.xQueueReceive
                0x08002fac      0x1c4 ./Middlewares/Third_Party/FreeRTOS/Source/queue.o
                0x08002fac                xQueueReceive
 .text.prvCopyDataToQueue
                0x08003170       0xd4 ./Middlewares/Third_Party/FreeRTOS/Source/queue.o
 .text.prvCopyDataFromQueue
                0x08003244       0x4c ./Middlewares/Third_Party/FreeRTOS/Source/queue.o
 .text.prvUnlockQueue
                0x08003290       0xa4 ./Middlewares/Third_Party/FreeRTOS/Source/queue.o
 .text.prvIsQueueEmpty
                0x08003334       0x2c ./Middlewares/Third_Party/FreeRTOS/Source/queue.o
 .text.prvIsQueueFull
                0x08003360       0x30 ./Middlewares/Third_Party/FreeRTOS/Source/queue.o
 .text.vQueueAddToRegistry
                0x08003390       0x54 ./Middlewares/Third_Party/FreeRTOS/Source/queue.o
                0x08003390                vQueueAddToRegistry
 .text.vQueueWaitForMessageRestricted
                0x080033e4       0x68 ./Middlewares/Third_Party/FreeRTOS/Source/queue.o
                0x080033e4                vQueueWaitForMessageRestricted
 .text.xTaskCreateStatic
                0x0800344c       0xc0 ./Middlewares/Third_Party/FreeRTOS/Source/tasks.o
                0x0800344c                xTaskCreateStatic
 .text.xTaskCreate
                0x0800350c       0x8a ./Middlewares/Third_Party/FreeRTOS/Source/tasks.o
                0x0800350c                xTaskCreate
 .text.prvInitialiseNewTask
                0x08003596      0x120 ./Middlewares/Third_Party/FreeRTOS/Source/tasks.o
 *fill*         0x080036b6        0x2 
 .text.prvAddNewTaskToReadyList
                0x080036b8       0xe0 ./Middlewares/Third_Party/FreeRTOS/Source/tasks.o
 .text.vTaskDelay
                0x08003798       0x6c ./Middlewares/Third_Party/FreeRTOS/Source/tasks.o
                0x08003798                vTaskDelay
 .text.vTaskStartScheduler
                0x08003804       0xd0 ./Middlewares/Third_Party/FreeRTOS/Source/tasks.o
                0x08003804                vTaskStartScheduler
 .text.vTaskSuspendAll
                0x080038d4       0x1c ./Middlewares/Third_Party/FreeRTOS/Source/tasks.o
                0x080038d4                vTaskSuspendAll
 .text.xTaskResumeAll
                0x080038f0      0x13c ./Middlewares/Third_Party/FreeRTOS/Source/tasks.o
                0x080038f0                xTaskResumeAll
 .text.xTaskGetTickCount
                0x08003a2c       0x20 ./Middlewares/Third_Party/FreeRTOS/Source/tasks.o
                0x08003a2c                xTaskGetTickCount
 .text.xTaskIncrementTick
                0x08003a4c      0x174 ./Middlewares/Third_Party/FreeRTOS/Source/tasks.o
                0x08003a4c                xTaskIncrementTick
 .text.vTaskSwitchContext
                0x08003bc0       0xbc ./Middlewares/Third_Party/FreeRTOS/Source/tasks.o
                0x08003bc0                vTaskSwitchContext
 .text.vTaskPlaceOnEventList
                0x08003c7c       0x4c ./Middlewares/Third_Party/FreeRTOS/Source/tasks.o
                0x08003c7c                vTaskPlaceOnEventList
 .text.vTaskPlaceOnEventListRestricted
                0x08003cc8       0x58 ./Middlewares/Third_Party/FreeRTOS/Source/tasks.o
                0x08003cc8                vTaskPlaceOnEventListRestricted
 .text.xTaskRemoveFromEventList
                0x08003d20       0xc8 ./Middlewares/Third_Party/FreeRTOS/Source/tasks.o
                0x08003d20                xTaskRemoveFromEventList
 .text.vTaskInternalSetTimeOutState
                0x08003de8       0x2c ./Middlewares/Third_Party/FreeRTOS/Source/tasks.o
                0x08003de8                vTaskInternalSetTimeOutState
 .text.xTaskCheckForTimeOut
                0x08003e14       0xc8 ./Middlewares/Third_Party/FreeRTOS/Source/tasks.o
                0x08003e14                xTaskCheckForTimeOut
 .text.vTaskMissedYield
                0x08003edc       0x18 ./Middlewares/Third_Party/FreeRTOS/Source/tasks.o
                0x08003edc                vTaskMissedYield
 .text.prvIdleTask
                0x08003ef4       0x30 ./Middlewares/Third_Party/FreeRTOS/Source/tasks.o
 .text.prvInitialiseTaskLists
                0x08003f24       0x80 ./Middlewares/Third_Party/FreeRTOS/Source/tasks.o
 .text.prvCheckTasksWaitingTermination
                0x08003fa4       0x5c ./Middlewares/Third_Party/FreeRTOS/Source/tasks.o
 .text.prvDeleteTCB
                0x08004000       0x60 ./Middlewares/Third_Party/FreeRTOS/Source/tasks.o
 .text.prvResetNextTaskUnblockTime
                0x08004060       0x40 ./Middlewares/Third_Party/FreeRTOS/Source/tasks.o
 .text.xTaskGetSchedulerState
                0x080040a0       0x3c ./Middlewares/Third_Party/FreeRTOS/Source/tasks.o
                0x080040a0                xTaskGetSchedulerState
 .text.xTaskPriorityDisinherit
                0x080040dc       0xe0 ./Middlewares/Third_Party/FreeRTOS/Source/tasks.o
                0x080040dc                xTaskPriorityDisinherit
 .text.prvAddCurrentTaskToDelayedList
                0x080041bc       0xa8 ./Middlewares/Third_Party/FreeRTOS/Source/tasks.o
 .text.xTimerCreateTimerTask
                0x08004264       0x94 ./Middlewares/Third_Party/FreeRTOS/Source/timers.o
                0x08004264                xTimerCreateTimerTask
 .text.xTimerGenericCommand
                0x080042f8       0x9c ./Middlewares/Third_Party/FreeRTOS/Source/timers.o
                0x080042f8                xTimerGenericCommand
 .text.prvProcessExpiredTimer
                0x08004394       0x9c ./Middlewares/Third_Party/FreeRTOS/Source/timers.o
 .text.prvTimerTask
                0x08004430       0x26 ./Middlewares/Third_Party/FreeRTOS/Source/timers.o
 *fill*         0x08004456        0x2 
 .text.prvProcessTimerOrBlockTask
                0x08004458       0x9c ./Middlewares/Third_Party/FreeRTOS/Source/timers.o
 .text.prvGetNextExpireTime
                0x080044f4       0x48 ./Middlewares/Third_Party/FreeRTOS/Source/timers.o
 .text.prvSampleTimeNow
                0x0800453c       0x40 ./Middlewares/Third_Party/FreeRTOS/Source/timers.o
 .text.prvInsertTimerInActiveList
                0x0800457c       0x84 ./Middlewares/Third_Party/FreeRTOS/Source/timers.o
 .text.prvProcessReceivedCommands
                0x08004600      0x1cc ./Middlewares/Third_Party/FreeRTOS/Source/timers.o
 .text.prvSwitchTimerLists
                0x080047cc       0xcc ./Middlewares/Third_Party/FreeRTOS/Source/timers.o
 .text.prvCheckForValidListAndQueue
                0x08004898       0x80 ./Middlewares/Third_Party/FreeRTOS/Source/timers.o
 .text.pxPortInitialiseStack
                0x08004918       0x68 ./Middlewares/Third_Party/FreeRTOS/Source/portable/GCC/ARM_CM4F/port.o
                0x08004918                pxPortInitialiseStack
 .text.prvTaskExitError
                0x08004980       0x5c ./Middlewares/Third_Party/FreeRTOS/Source/portable/GCC/ARM_CM4F/port.o
 *fill*         0x080049dc        0x4 
 .text.SVC_Handler
                0x080049e0       0x28 ./Middlewares/Third_Party/FreeRTOS/Source/portable/GCC/ARM_CM4F/port.o
                0x080049e0                SVC_Handler
 .text.prvPortStartFirstTask
                0x08004a08       0x28 ./Middlewares/Third_Party/FreeRTOS/Source/portable/GCC/ARM_CM4F/port.o
 .text.xPortStartScheduler
                0x08004a30      0x148 ./Middlewares/Third_Party/FreeRTOS/Source/portable/GCC/ARM_CM4F/port.o
                0x08004a30                xPortStartScheduler
 .text.vPortEnterCritical
                0x08004b78       0x64 ./Middlewares/Third_Party/FreeRTOS/Source/portable/GCC/ARM_CM4F/port.o
                0x08004b78                vPortEnterCritical
 .text.vPortExitCritical
                0x08004bdc       0x54 ./Middlewares/Third_Party/FreeRTOS/Source/portable/GCC/ARM_CM4F/port.o
                0x08004bdc                vPortExitCritical
 .text.PendSV_Handler
                0x08004c30       0x68 ./Middlewares/Third_Party/FreeRTOS/Source/portable/GCC/ARM_CM4F/port.o
                0x08004c30                PendSV_Handler
 .text.xPortSysTickHandler
                0x08004c98       0x44 ./Middlewares/Third_Party/FreeRTOS/Source/portable/GCC/ARM_CM4F/port.o
                0x08004c98                xPortSysTickHandler
 .text.vPortSetupTimerInterrupt
                0x08004cdc       0x48 ./Middlewares/Third_Party/FreeRTOS/Source/portable/GCC/ARM_CM4F/port.o
                0x08004cdc                vPortSetupTimerInterrupt
 .text.vPortEnableVFP
                0x08004d24       0x14 ./Middlewares/Third_Party/FreeRTOS/Source/portable/GCC/ARM_CM4F/port.o
 .text.vPortValidateInterruptPriority
                0x08004d38       0x84 ./Middlewares/Third_Party/FreeRTOS/Source/portable/GCC/ARM_CM4F/port.o
                0x08004d38                vPortValidateInterruptPriority
 .text.pvPortMalloc
                0x08004dbc      0x19c ./Middlewares/Third_Party/FreeRTOS/Source/portable/MemMang/heap_4.o
                0x08004dbc                pvPortMalloc
 .text.vPortFree
                0x08004f58       0xc8 ./Middlewares/Third_Party/FreeRTOS/Source/portable/MemMang/heap_4.o
                0x08004f58                vPortFree
 .text.prvHeapInit
                0x08005020       0xc4 ./Middlewares/Third_Party/FreeRTOS/Source/portable/MemMang/heap_4.o
 .text.prvInsertBlockIntoFreeList
                0x080050e4       0xb4 ./Middlewares/Third_Party/FreeRTOS/Source/portable/MemMang/heap_4.o
 .text.memset   0x08005198       0x10 C:/ST/STM32CubeIDE_1.19.0/STM32CubeIDE/plugins/com.st.stm32cube.ide.mcu.externaltools.gnu-tools-for-stm32.13.3.rel1.win32_1.0.0.202411081344/tools/bin/../lib/gcc/arm-none-eabi/13.3.1/../../../../arm-none-eabi/lib/thumb/v7e-m+fp/hard\libc_nano.a(libc_a-memset.o)
                0x08005198                memset
 .text.__libc_init_array
                0x080051a8       0x48 C:/ST/STM32CubeIDE_1.19.0/STM32CubeIDE/plugins/com.st.stm32cube.ide.mcu.externaltools.gnu-tools-for-stm32.13.3.rel1.win32_1.0.0.202411081344/tools/bin/../lib/gcc/arm-none-eabi/13.3.1/../../../../arm-none-eabi/lib/thumb/v7e-m+fp/hard\libc_nano.a(libc_a-init.o)
                0x080051a8                __libc_init_array
 .text.memcpy   0x080051f0       0x1c C:/ST/STM32CubeIDE_1.19.0/STM32CubeIDE/plugins/com.st.stm32cube.ide.mcu.externaltools.gnu-tools-for-stm32.13.3.rel1.win32_1.0.0.202411081344/tools/bin/../lib/gcc/arm-none-eabi/13.3.1/../../../../arm-none-eabi/lib/thumb/v7e-m+fp/hard\libc_nano.a(libc_a-memcpy-stub.o)
                0x080051f0                memcpy
 *(.glue_7)
 .glue_7        0x0800520c        0x0 linker stubs
 *(.glue_7t)
 .glue_7t       0x0800520c        0x0 linker stubs
 *(.eh_frame)
 .eh_frame      0x0800520c        0x0 C:/ST/STM32CubeIDE_1.19.0/STM32CubeIDE/plugins/com.st.stm32cube.ide.mcu.externaltools.gnu-tools-for-stm32.13.3.rel1.win32_1.0.0.202411081344/tools/bin/../lib/gcc/arm-none-eabi/13.3.1/thumb/v7e-m+fp/hard/crtbegin.o
 *(.init)
 .init          0x0800520c        0x4 C:/ST/STM32CubeIDE_1.19.0/STM32CubeIDE/plugins/com.st.stm32cube.ide.mcu.externaltools.gnu-tools-for-stm32.13.3.rel1.win32_1.0.0.202411081344/tools/bin/../lib/gcc/arm-none-eabi/13.3.1/thumb/v7e-m+fp/hard/crti.o
                0x0800520c                _init
 .init          0x08005210        0x8 C:/ST/STM32CubeIDE_1.19.0/STM32CubeIDE/plugins/com.st.stm32cube.ide.mcu.externaltools.gnu-tools-for-stm32.13.3.rel1.win32_1.0.0.202411081344/tools/bin/../lib/gcc/arm-none-eabi/13.3.1/thumb/v7e-m+fp/hard/crtn.o
 *(.fini)
 .fini          0x08005218        0x4 C:/ST/STM32CubeIDE_1.19.0/STM32CubeIDE/plugins/com.st.stm32cube.ide.mcu.externaltools.gnu-tools-for-stm32.13.3.rel1.win32_1.0.0.202411081344/tools/bin/../lib/gcc/arm-none-eabi/13.3.1/thumb/v7e-m+fp/hard/crti.o
                0x08005218                _fini
 .fini          0x0800521c        0x8 C:/ST/STM32CubeIDE_1.19.0/STM32CubeIDE/plugins/com.st.stm32cube.ide.mcu.externaltools.gnu-tools-for-stm32.13.3.rel1.win32_1.0.0.202411081344/tools/bin/../lib/gcc/arm-none-eabi/13.3.1/thumb/v7e-m+fp/hard/crtn.o
                0x08005224                        . = ALIGN (0x4)
                0x08005224                        _etext = .

.vfp11_veneer   0x08005224        0x0
 .vfp11_veneer  0x08005224        0x0 linker stubs

.v4_bx          0x08005224        0x0
 .v4_bx         0x08005224        0x0 linker stubs

.iplt           0x08005224        0x0
 .iplt          0x08005224        0x0 C:/ST/STM32CubeIDE_1.19.0/STM32CubeIDE/plugins/com.st.stm32cube.ide.mcu.externaltools.gnu-tools-for-stm32.13.3.rel1.win32_1.0.0.202411081344/tools/bin/../lib/gcc/arm-none-eabi/13.3.1/thumb/v7e-m+fp/hard/crtbegin.o

.rodata         0x08005224       0x48
                0x08005224                        . = ALIGN (0x4)
 *(.rodata)
 .rodata        0x08005224        0x4 ./Application_layer/Src/App_LCD.o
 .rodata        0x08005228       0x14 ./Core/Src/freertos.o
 .rodata        0x0800523c        0x5 ./Middlewares/Third_Party/FreeRTOS/Source/tasks.o
 *fill*         0x08005241        0x3 
 .rodata        0x08005244        0xd ./Middlewares/Third_Party/FreeRTOS/Source/timers.o
 *(.rodata*)
 *fill*         0x08005251        0x3 
 .rodata.AHBPrescTable
                0x08005254       0x10 ./Core/Src/system_stm32f4xx.o
                0x08005254                AHBPrescTable
 .rodata.APBPrescTable
                0x08005264        0x8 ./Core/Src/system_stm32f4xx.o
                0x08005264                APBPrescTable
                0x0800526c                        . = ALIGN (0x4)

.ARM.extab      0x0800526c        0x0
                0x0800526c                        . = ALIGN (0x4)
 *(.ARM.extab* .gnu.linkonce.armextab.*)
                0x0800526c                        . = ALIGN (0x4)

.ARM            0x0800526c        0x8
                0x0800526c                        . = ALIGN (0x4)
                0x0800526c                        __exidx_start = .
 *(.ARM.exidx*)
 .ARM.exidx     0x0800526c        0x8 C:/ST/STM32CubeIDE_1.19.0/STM32CubeIDE/plugins/com.st.stm32cube.ide.mcu.externaltools.gnu-tools-for-stm32.13.3.rel1.win32_1.0.0.202411081344/tools/bin/../lib/gcc/arm-none-eabi/13.3.1/thumb/v7e-m+fp/hard\libgcc.a(_udivmoddi4.o)
                0x08005274                        __exidx_end = .
                0x08005274                        . = ALIGN (0x4)

.preinit_array  0x08005274        0x0
                0x08005274                        . = ALIGN (0x4)
                0x08005274                        PROVIDE (__preinit_array_start = .)
 *(.preinit_array*)
                0x08005274                        PROVIDE (__preinit_array_end = .)
                0x08005274                        . = ALIGN (0x4)

.init_array     0x08005274        0x4
                0x08005274                        . = ALIGN (0x4)
                0x08005274                        PROVIDE (__init_array_start = .)
 *(SORT_BY_NAME(.init_array.*))
 *(.init_array*)
 .init_array    0x08005274        0x4 C:/ST/STM32CubeIDE_1.19.0/STM32CubeIDE/plugins/com.st.stm32cube.ide.mcu.externaltools.gnu-tools-for-stm32.13.3.rel1.win32_1.0.0.202411081344/tools/bin/../lib/gcc/arm-none-eabi/13.3.1/thumb/v7e-m+fp/hard/crtbegin.o
                0x08005278                        PROVIDE (__init_array_end = .)
                0x08005278                        . = ALIGN (0x4)

.fini_array     0x08005278        0x4
                0x08005278                        . = ALIGN (0x4)
                [!provide]                        PROVIDE (__fini_array_start = .)
 *(SORT_BY_NAME(.fini_array.*))
 *(.fini_array*)
 .fini_array    0x08005278        0x4 C:/ST/STM32CubeIDE_1.19.0/STM32CubeIDE/plugins/com.st.stm32cube.ide.mcu.externaltools.gnu-tools-for-stm32.13.3.rel1.win32_1.0.0.202411081344/tools/bin/../lib/gcc/arm-none-eabi/13.3.1/thumb/v7e-m+fp/hard/crtbegin.o
                [!provide]                        PROVIDE (__fini_array_end = .)
                0x0800527c                        . = ALIGN (0x4)
                0x0800527c                        _sidata = LOADADDR (.data)

.rel.dyn        0x0800527c        0x0
 .rel.iplt      0x0800527c        0x0 C:/ST/STM32CubeIDE_1.19.0/STM32CubeIDE/plugins/com.st.stm32cube.ide.mcu.externaltools.gnu-tools-for-stm32.13.3.rel1.win32_1.0.0.202411081344/tools/bin/../lib/gcc/arm-none-eabi/13.3.1/thumb/v7e-m+fp/hard/crtbegin.o

.data           0x20000000       0x10 load address 0x0800527c
                0x20000000                        . = ALIGN (0x4)
                0x20000000                        _sdata = .
 *(.data)
 *(.data*)
 .data.SystemCoreClock
                0x20000000        0x4 ./Core/Src/system_stm32f4xx.o
                0x20000000                SystemCoreClock
 .data.uwTickPrio
                0x20000004        0x4 ./Drivers/STM32F4xx_HAL_Driver/Src/stm32f4xx_hal.o
                0x20000004                uwTickPrio
 .data.uwTickFreq
                0x20000008        0x1 ./Drivers/STM32F4xx_HAL_Driver/Src/stm32f4xx_hal.o
                0x20000008                uwTickFreq
 *fill*         0x20000009        0x3 
 .data.uxCriticalNesting
                0x2000000c        0x4 ./Middlewares/Third_Party/FreeRTOS/Source/portable/GCC/ARM_CM4F/port.o
 *(.RamFunc)
 *(.RamFunc*)
                0x20000010                        . = ALIGN (0x4)
                0x20000010                        _edata = .

.igot.plt       0x20000010        0x0 load address 0x0800528c
 .igot.plt      0x20000010        0x0 C:/ST/STM32CubeIDE_1.19.0/STM32CubeIDE/plugins/com.st.stm32cube.ide.mcu.externaltools.gnu-tools-for-stm32.13.3.rel1.win32_1.0.0.202411081344/tools/bin/../lib/gcc/arm-none-eabi/13.3.1/thumb/v7e-m+fp/hard/crtbegin.o
                0x20000010                        . = ALIGN (0x4)

.bss            0x20000010     0x49d4 load address 0x0800528c
                0x20000010                        _sbss = .
                0x20000010                        __bss_start__ = _sbss
 *(.bss)
 .bss           0x20000010       0x1c C:/ST/STM32CubeIDE_1.19.0/STM32CubeIDE/plugins/com.st.stm32cube.ide.mcu.externaltools.gnu-tools-for-stm32.13.3.rel1.win32_1.0.0.202411081344/tools/bin/../lib/gcc/arm-none-eabi/13.3.1/thumb/v7e-m+fp/hard/crtbegin.o
 *(.bss*)
 .bss.hi2c1     0x2000002c       0x54 ./Application_layer/Src/App_LCD.o
                0x2000002c                hi2c1
 .bss.data_u    0x20000080        0x1 ./Application_layer/Src/App_LCD.o
                0x20000080                data_u
 .bss.data_l    0x20000081        0x1 ./Application_layer/Src/App_LCD.o
                0x20000081                data_l
 *fill*         0x20000082        0x2 
 .bss.data_t    0x20000084        0x4 ./Application_layer/Src/App_LCD.o
                0x20000084                data_t
 .bss.defaultTaskHandle
                0x20000088        0x4 ./Core/Src/freertos.o
                0x20000088                defaultTaskHandle
 .bss.lcd_handlerHandle
                0x2000008c        0x4 ./Core/Src/freertos.o
                0x2000008c                lcd_handlerHandle
 .bss.uwTick    0x20000090        0x4 ./Drivers/STM32F4xx_HAL_Driver/Src/stm32f4xx_hal.o
                0x20000090                uwTick
 .bss.KernelState
                0x20000094        0x4 ./Middlewares/Third_Party/FreeRTOS/Source/CMSIS_RTOS_V2/cmsis_os2.o
 .bss.Idle_TCB.3
                0x20000098       0x5c ./Middlewares/Third_Party/FreeRTOS/Source/CMSIS_RTOS_V2/cmsis_os2.o
 .bss.Idle_Stack.2
                0x200000f4      0x200 ./Middlewares/Third_Party/FreeRTOS/Source/CMSIS_RTOS_V2/cmsis_os2.o
 .bss.Timer_TCB.1
                0x200002f4       0x5c ./Middlewares/Third_Party/FreeRTOS/Source/CMSIS_RTOS_V2/cmsis_os2.o
 .bss.Timer_Stack.0
                0x20000350      0x400 ./Middlewares/Third_Party/FreeRTOS/Source/CMSIS_RTOS_V2/cmsis_os2.o
 .bss.xQueueRegistry
                0x20000750       0x40 ./Middlewares/Third_Party/FreeRTOS/Source/queue.o
                0x20000750                xQueueRegistry
 .bss.pxCurrentTCB
                0x20000790        0x4 ./Middlewares/Third_Party/FreeRTOS/Source/tasks.o
                0x20000790                pxCurrentTCB
 .bss.pxReadyTasksLists
                0x20000794      0x460 ./Middlewares/Third_Party/FreeRTOS/Source/tasks.o
 .bss.xDelayedTaskList1
                0x20000bf4       0x14 ./Middlewares/Third_Party/FreeRTOS/Source/tasks.o
 .bss.xDelayedTaskList2
                0x20000c08       0x14 ./Middlewares/Third_Party/FreeRTOS/Source/tasks.o
 .bss.pxDelayedTaskList
                0x20000c1c        0x4 ./Middlewares/Third_Party/FreeRTOS/Source/tasks.o
 .bss.pxOverflowDelayedTaskList
                0x20000c20        0x4 ./Middlewares/Third_Party/FreeRTOS/Source/tasks.o
 .bss.xPendingReadyList
                0x20000c24       0x14 ./Middlewares/Third_Party/FreeRTOS/Source/tasks.o
 .bss.xTasksWaitingTermination
                0x20000c38       0x14 ./Middlewares/Third_Party/FreeRTOS/Source/tasks.o
 .bss.uxDeletedTasksWaitingCleanUp
                0x20000c4c        0x4 ./Middlewares/Third_Party/FreeRTOS/Source/tasks.o
 .bss.xSuspendedTaskList
                0x20000c50       0x14 ./Middlewares/Third_Party/FreeRTOS/Source/tasks.o
 .bss.uxCurrentNumberOfTasks
                0x20000c64        0x4 ./Middlewares/Third_Party/FreeRTOS/Source/tasks.o
 .bss.xTickCount
                0x20000c68        0x4 ./Middlewares/Third_Party/FreeRTOS/Source/tasks.o
 .bss.uxTopReadyPriority
                0x20000c6c        0x4 ./Middlewares/Third_Party/FreeRTOS/Source/tasks.o
 .bss.xSchedulerRunning
                0x20000c70        0x4 ./Middlewares/Third_Party/FreeRTOS/Source/tasks.o
 .bss.xPendedTicks
                0x20000c74        0x4 ./Middlewares/Third_Party/FreeRTOS/Source/tasks.o
 .bss.xYieldPending
                0x20000c78        0x4 ./Middlewares/Third_Party/FreeRTOS/Source/tasks.o
 .bss.xNumOfOverflows
                0x20000c7c        0x4 ./Middlewares/Third_Party/FreeRTOS/Source/tasks.o
 .bss.uxTaskNumber
                0x20000c80        0x4 ./Middlewares/Third_Party/FreeRTOS/Source/tasks.o
 .bss.xNextTaskUnblockTime
                0x20000c84        0x4 ./Middlewares/Third_Party/FreeRTOS/Source/tasks.o
 .bss.xIdleTaskHandle
                0x20000c88        0x4 ./Middlewares/Third_Party/FreeRTOS/Source/tasks.o
 .bss.uxSchedulerSuspended
                0x20000c8c        0x4 ./Middlewares/Third_Party/FreeRTOS/Source/tasks.o
 .bss.xActiveTimerList1
                0x20000c90       0x14 ./Middlewares/Third_Party/FreeRTOS/Source/timers.o
 .bss.xActiveTimerList2
                0x20000ca4       0x14 ./Middlewares/Third_Party/FreeRTOS/Source/timers.o
 .bss.pxCurrentTimerList
                0x20000cb8        0x4 ./Middlewares/Third_Party/FreeRTOS/Source/timers.o
 .bss.pxOverflowTimerList
                0x20000cbc        0x4 ./Middlewares/Third_Party/FreeRTOS/Source/timers.o
 .bss.xTimerQueue
                0x20000cc0        0x4 ./Middlewares/Third_Party/FreeRTOS/Source/timers.o
 .bss.xTimerTaskHandle
                0x20000cc4        0x4 ./Middlewares/Third_Party/FreeRTOS/Source/timers.o
 .bss.xLastTime.2
                0x20000cc8        0x4 ./Middlewares/Third_Party/FreeRTOS/Source/timers.o
 .bss.ucStaticTimerQueueStorage.1
                0x20000ccc       0xa0 ./Middlewares/Third_Party/FreeRTOS/Source/timers.o
 .bss.xStaticTimerQueue.0
                0x20000d6c       0x50 ./Middlewares/Third_Party/FreeRTOS/Source/timers.o
 .bss.ucMaxSysCallPriority
                0x20000dbc        0x1 ./Middlewares/Third_Party/FreeRTOS/Source/portable/GCC/ARM_CM4F/port.o
 *fill*         0x20000dbd        0x3 
 .bss.ulMaxPRIGROUPValue
                0x20000dc0        0x4 ./Middlewares/Third_Party/FreeRTOS/Source/portable/GCC/ARM_CM4F/port.o
 .bss.ucHeap    0x20000dc4     0x3c00 ./Middlewares/Third_Party/FreeRTOS/Source/portable/MemMang/heap_4.o
 .bss.xStart    0x200049c4        0x8 ./Middlewares/Third_Party/FreeRTOS/Source/portable/MemMang/heap_4.o
 .bss.pxEnd     0x200049cc        0x4 ./Middlewares/Third_Party/FreeRTOS/Source/portable/MemMang/heap_4.o
 .bss.xFreeBytesRemaining
                0x200049d0        0x4 ./Middlewares/Third_Party/FreeRTOS/Source/portable/MemMang/heap_4.o
 .bss.xMinimumEverFreeBytesRemaining
                0x200049d4        0x4 ./Middlewares/Third_Party/FreeRTOS/Source/portable/MemMang/heap_4.o
 .bss.xNumberOfSuccessfulAllocations
                0x200049d8        0x4 ./Middlewares/Third_Party/FreeRTOS/Source/portable/MemMang/heap_4.o
 .bss.xNumberOfSuccessfulFrees
                0x200049dc        0x4 ./Middlewares/Third_Party/FreeRTOS/Source/portable/MemMang/heap_4.o
 .bss.xBlockAllocatedBit
                0x200049e0        0x4 ./Middlewares/Third_Party/FreeRTOS/Source/portable/MemMang/heap_4.o
 *(COMMON)
                0x200049e4                        . = ALIGN (0x4)
                0x200049e4                        _ebss = .
                0x200049e4                        __bss_end__ = _ebss

._user_heap_stack
                0x200049e4      0x604 load address 0x0800528c
                0x200049e8                        . = ALIGN (0x8)
 *fill*         0x200049e4        0x4 
                [!provide]                        PROVIDE (end = .)
                0x200049e8                        PROVIDE (_end = .)
                0x20004be8                        . = (. + _Min_Heap_Size)
 *fill*         0x200049e8      0x200 
                0x20004fe8                        . = (. + _Min_Stack_Size)
 *fill*         0x20004be8      0x400 
                0x20004fe8                        . = ALIGN (0x8)

/DISCARD/
 libc.a(*)
 libm.a(*)
 libgcc.a(*)

.ARM.attributes
                0x00000000       0x30
 *(.ARM.attributes)
 .ARM.attributes
                0x00000000       0x22 C:/ST/STM32CubeIDE_1.19.0/STM32CubeIDE/plugins/com.st.stm32cube.ide.mcu.externaltools.gnu-tools-for-stm32.13.3.rel1.win32_1.0.0.202411081344/tools/bin/../lib/gcc/arm-none-eabi/13.3.1/thumb/v7e-m+fp/hard/crti.o
 .ARM.attributes
                0x00000022       0x34 C:/ST/STM32CubeIDE_1.19.0/STM32CubeIDE/plugins/com.st.stm32cube.ide.mcu.externaltools.gnu-tools-for-stm32.13.3.rel1.win32_1.0.0.202411081344/tools/bin/../lib/gcc/arm-none-eabi/13.3.1/thumb/v7e-m+fp/hard/crtbegin.o
 .ARM.attributes
                0x00000056       0x34 ./Application_layer/Src/App_LCD.o
 .ARM.attributes
                0x0000008a       0x34 ./Common_layer/Src/Comm_LCD.o
 .ARM.attributes
                0x000000be       0x34 ./Common_layer/Src/com_rtos.o
 .ARM.attributes
                0x000000f2       0x34 ./Core/Src/freertos.o
 .ARM.attributes
                0x00000126       0x34 ./Core/Src/main.o
 .ARM.attributes
                0x0000015a       0x34 ./Core/Src/stm32f4xx_hal_msp.o
 .ARM.attributes
                0x0000018e       0x34 ./Core/Src/stm32f4xx_it.o
 .ARM.attributes
                0x000001c2       0x34 ./Core/Src/system_stm32f4xx.o
 .ARM.attributes
                0x000001f6       0x21 ./Core/Startup/startup_stm32f446retx.o
 .ARM.attributes
                0x00000217       0x34 ./Drivers/STM32F4xx_HAL_Driver/Src/stm32f4xx_hal.o
 .ARM.attributes
                0x0000024b       0x34 ./Drivers/STM32F4xx_HAL_Driver/Src/stm32f4xx_hal_cortex.o
 .ARM.attributes
                0x0000027f       0x34 ./Drivers/STM32F4xx_HAL_Driver/Src/stm32f4xx_hal_gpio.o
 .ARM.attributes
                0x000002b3       0x34 ./Drivers/STM32F4xx_HAL_Driver/Src/stm32f4xx_hal_i2c.o
 .ARM.attributes
                0x000002e7       0x34 ./Drivers/STM32F4xx_HAL_Driver/Src/stm32f4xx_hal_rcc.o
 .ARM.attributes
                0x0000031b       0x34 ./Drivers/STM32F4xx_HAL_Driver/Src/stm32f4xx_hal_rcc_ex.o
 .ARM.attributes
                0x0000034f       0x34 ./Middlewares/Third_Party/FreeRTOS/Source/CMSIS_RTOS_V2/cmsis_os2.o
 .ARM.attributes
                0x00000383       0x34 ./Middlewares/Third_Party/FreeRTOS/Source/list.o
 .ARM.attributes
                0x000003b7       0x34 ./Middlewares/Third_Party/FreeRTOS/Source/queue.o
 .ARM.attributes
                0x000003eb       0x34 ./Middlewares/Third_Party/FreeRTOS/Source/tasks.o
 .ARM.attributes
                0x0000041f       0x34 ./Middlewares/Third_Party/FreeRTOS/Source/timers.o
 .ARM.attributes
                0x00000453       0x34 ./Middlewares/Third_Party/FreeRTOS/Source/portable/GCC/ARM_CM4F/port.o
 .ARM.attributes
                0x00000487       0x34 ./Middlewares/Third_Party/FreeRTOS/Source/portable/MemMang/heap_4.o
 .ARM.attributes
                0x000004bb       0x34 C:/ST/STM32CubeIDE_1.19.0/STM32CubeIDE/plugins/com.st.stm32cube.ide.mcu.externaltools.gnu-tools-for-stm32.13.3.rel1.win32_1.0.0.202411081344/tools/bin/../lib/gcc/arm-none-eabi/13.3.1/../../../../arm-none-eabi/lib/thumb/v7e-m+fp/hard\libc_nano.a(libc_a-memset.o)
 .ARM.attributes
                0x000004ef       0x34 C:/ST/STM32CubeIDE_1.19.0/STM32CubeIDE/plugins/com.st.stm32cube.ide.mcu.externaltools.gnu-tools-for-stm32.13.3.rel1.win32_1.0.0.202411081344/tools/bin/../lib/gcc/arm-none-eabi/13.3.1/../../../../arm-none-eabi/lib/thumb/v7e-m+fp/hard\libc_nano.a(libc_a-init.o)
 .ARM.attributes
                0x00000523       0x34 C:/ST/STM32CubeIDE_1.19.0/STM32CubeIDE/plugins/com.st.stm32cube.ide.mcu.externaltools.gnu-tools-for-stm32.13.3.rel1.win32_1.0.0.202411081344/tools/bin/../lib/gcc/arm-none-eabi/13.3.1/../../../../arm-none-eabi/lib/thumb/v7e-m+fp/hard\libc_nano.a(libc_a-memcpy-stub.o)
 .ARM.attributes
                0x00000557       0x22 C:/ST/STM32CubeIDE_1.19.0/STM32CubeIDE/plugins/com.st.stm32cube.ide.mcu.externaltools.gnu-tools-for-stm32.13.3.rel1.win32_1.0.0.202411081344/tools/bin/../lib/gcc/arm-none-eabi/13.3.1/thumb/v7e-m+fp/hard\libgcc.a(_aeabi_uldivmod.o)
 .ARM.attributes
                0x00000579       0x34 C:/ST/STM32CubeIDE_1.19.0/STM32CubeIDE/plugins/com.st.stm32cube.ide.mcu.externaltools.gnu-tools-for-stm32.13.3.rel1.win32_1.0.0.202411081344/tools/bin/../lib/gcc/arm-none-eabi/13.3.1/thumb/v7e-m+fp/hard\libgcc.a(_udivmoddi4.o)
 .ARM.attributes
                0x000005ad       0x22 C:/ST/STM32CubeIDE_1.19.0/STM32CubeIDE/plugins/com.st.stm32cube.ide.mcu.externaltools.gnu-tools-for-stm32.13.3.rel1.win32_1.0.0.202411081344/tools/bin/../lib/gcc/arm-none-eabi/13.3.1/thumb/v7e-m+fp/hard\libgcc.a(_dvmd_tls.o)
 .ARM.attributes
                0x000005cf       0x22 C:/ST/STM32CubeIDE_1.19.0/STM32CubeIDE/plugins/com.st.stm32cube.ide.mcu.externaltools.gnu-tools-for-stm32.13.3.rel1.win32_1.0.0.202411081344/tools/bin/../lib/gcc/arm-none-eabi/13.3.1/thumb/v7e-m+fp/hard/crtn.o
OUTPUT(TEMPERATURE_CONTROL_MODULE.elf elf32-littlearm)
LOAD linker stubs
LOAD C:/ST/STM32CubeIDE_1.19.0/STM32CubeIDE/plugins/com.st.stm32cube.ide.mcu.externaltools.gnu-tools-for-stm32.13.3.rel1.win32_1.0.0.202411081344/tools/bin/../lib/gcc/arm-none-eabi/13.3.1/../../../../arm-none-eabi/lib/thumb/v7e-m+fp/hard\libc.a
LOAD C:/ST/STM32CubeIDE_1.19.0/STM32CubeIDE/plugins/com.st.stm32cube.ide.mcu.externaltools.gnu-tools-for-stm32.13.3.rel1.win32_1.0.0.202411081344/tools/bin/../lib/gcc/arm-none-eabi/13.3.1/../../../../arm-none-eabi/lib/thumb/v7e-m+fp/hard\libm.a
LOAD C:/ST/STM32CubeIDE_1.19.0/STM32CubeIDE/plugins/com.st.stm32cube.ide.mcu.externaltools.gnu-tools-for-stm32.13.3.rel1.win32_1.0.0.202411081344/tools/bin/../lib/gcc/arm-none-eabi/13.3.1/thumb/v7e-m+fp/hard\libgcc.a

.debug_info     0x00000000    0x11a56
 .debug_info    0x00000000      0x722 ./Application_layer/Src/App_LCD.o
 .debug_info    0x00000722      0xaad ./Common_layer/Src/Comm_LCD.o
 .debug_info    0x000011cf      0x3c8 ./Common_layer/Src/com_rtos.o
 .debug_info    0x00001597      0x541 ./Core/Src/freertos.o
 .debug_info    0x00001ad8      0x1ec ./Core/Src/main.o
 .debug_info    0x00001cc4      0x970 ./Core/Src/stm32f4xx_hal_msp.o
 .debug_info    0x00002634      0x11a ./Core/Src/stm32f4xx_it.o
 .debug_info    0x0000274e      0x54a ./Core/Src/system_stm32f4xx.o
 .debug_info    0x00002c98       0x30 ./Core/Startup/startup_stm32f446retx.o
 .debug_info    0x00002cc8      0x99a ./Drivers/STM32F4xx_HAL_Driver/Src/stm32f4xx_hal.o
 .debug_info    0x00003662      0xdaa ./Drivers/STM32F4xx_HAL_Driver/Src/stm32f4xx_hal_cortex.o
 .debug_info    0x0000440c      0x70b ./Drivers/STM32F4xx_HAL_Driver/Src/stm32f4xx_hal_gpio.o
 .debug_info    0x00004b17     0x2421 ./Drivers/STM32F4xx_HAL_Driver/Src/stm32f4xx_hal_i2c.o
 .debug_info    0x00006f38      0x8ff ./Drivers/STM32F4xx_HAL_Driver/Src/stm32f4xx_hal_rcc.o
 .debug_info    0x00007837      0x960 ./Drivers/STM32F4xx_HAL_Driver/Src/stm32f4xx_hal_rcc_ex.o
 .debug_info    0x00008197     0x3a70 ./Middlewares/Third_Party/FreeRTOS/Source/CMSIS_RTOS_V2/cmsis_os2.o
 .debug_info    0x0000bc07      0x2af ./Middlewares/Third_Party/FreeRTOS/Source/list.o
 .debug_info    0x0000beb6     0x1b79 ./Middlewares/Third_Party/FreeRTOS/Source/queue.o
 .debug_info    0x0000da2f     0x21ec ./Middlewares/Third_Party/FreeRTOS/Source/tasks.o
 .debug_info    0x0000fc1b     0x1488 ./Middlewares/Third_Party/FreeRTOS/Source/timers.o
 .debug_info    0x000110a3      0x4de ./Middlewares/Third_Party/FreeRTOS/Source/portable/GCC/ARM_CM4F/port.o
 .debug_info    0x00011581      0x4d5 ./Middlewares/Third_Party/FreeRTOS/Source/portable/MemMang/heap_4.o

.debug_abbrev   0x00000000     0x2e54
 .debug_abbrev  0x00000000      0x1d4 ./Application_layer/Src/App_LCD.o
 .debug_abbrev  0x000001d4      0x205 ./Common_layer/Src/Comm_LCD.o
 .debug_abbrev  0x000003d9       0xfa ./Common_layer/Src/com_rtos.o
 .debug_abbrev  0x000004d3      0x16a ./Core/Src/freertos.o
 .debug_abbrev  0x0000063d      0x11f ./Core/Src/main.o
 .debug_abbrev  0x0000075c      0x1a5 ./Core/Src/stm32f4xx_hal_msp.o
 .debug_abbrev  0x00000901       0x97 ./Core/Src/stm32f4xx_it.o
 .debug_abbrev  0x00000998      0x11a ./Core/Src/system_stm32f4xx.o
 .debug_abbrev  0x00000ab2       0x24 ./Core/Startup/startup_stm32f446retx.o
 .debug_abbrev  0x00000ad6      0x214 ./Drivers/STM32F4xx_HAL_Driver/Src/stm32f4xx_hal.o
 .debug_abbrev  0x00000cea      0x31d ./Drivers/STM32F4xx_HAL_Driver/Src/stm32f4xx_hal_cortex.o
 .debug_abbrev  0x00001007      0x1d4 ./Drivers/STM32F4xx_HAL_Driver/Src/stm32f4xx_hal_gpio.o
 .debug_abbrev  0x000011db      0x2ad ./Drivers/STM32F4xx_HAL_Driver/Src/stm32f4xx_hal_i2c.o
 .debug_abbrev  0x00001488      0x2b7 ./Drivers/STM32F4xx_HAL_Driver/Src/stm32f4xx_hal_rcc.o
 .debug_abbrev  0x0000173f      0x211 ./Drivers/STM32F4xx_HAL_Driver/Src/stm32f4xx_hal_rcc_ex.o
 .debug_abbrev  0x00001950      0x508 ./Middlewares/Third_Party/FreeRTOS/Source/CMSIS_RTOS_V2/cmsis_os2.o
 .debug_abbrev  0x00001e58       0xf5 ./Middlewares/Third_Party/FreeRTOS/Source/list.o
 .debug_abbrev  0x00001f4d      0x3b6 ./Middlewares/Third_Party/FreeRTOS/Source/queue.o
 .debug_abbrev  0x00002303      0x386 ./Middlewares/Third_Party/FreeRTOS/Source/tasks.o
 .debug_abbrev  0x00002689      0x352 ./Middlewares/Third_Party/FreeRTOS/Source/timers.o
 .debug_abbrev  0x000029db      0x25c ./Middlewares/Third_Party/FreeRTOS/Source/portable/GCC/ARM_CM4F/port.o
 .debug_abbrev  0x00002c37      0x21d ./Middlewares/Third_Party/FreeRTOS/Source/portable/MemMang/heap_4.o

.debug_aranges  0x00000000      0xff8
 .debug_aranges
                0x00000000       0x48 ./Application_layer/Src/App_LCD.o
 .debug_aranges
                0x00000048       0x38 ./Common_layer/Src/Comm_LCD.o
 .debug_aranges
                0x00000080       0x20 ./Common_layer/Src/com_rtos.o
 .debug_aranges
                0x000000a0       0x30 ./Core/Src/freertos.o
 .debug_aranges
                0x000000d0       0x28 ./Core/Src/main.o
 .debug_aranges
                0x000000f8       0x30 ./Core/Src/stm32f4xx_hal_msp.o
 .debug_aranges
                0x00000128       0x50 ./Core/Src/stm32f4xx_it.o
 .debug_aranges
                0x00000178       0x28 ./Core/Src/system_stm32f4xx.o
 .debug_aranges
                0x000001a0       0x28 ./Core/Startup/startup_stm32f446retx.o
 .debug_aranges
                0x000001c8       0xf0 ./Drivers/STM32F4xx_HAL_Driver/Src/stm32f4xx_hal.o
 .debug_aranges
                0x000002b8      0x130 ./Drivers/STM32F4xx_HAL_Driver/Src/stm32f4xx_hal_cortex.o
 .debug_aranges
                0x000003e8       0x58 ./Drivers/STM32F4xx_HAL_Driver/Src/stm32f4xx_hal_gpio.o
 .debug_aranges
                0x00000440      0x2a8 ./Drivers/STM32F4xx_HAL_Driver/Src/stm32f4xx_hal_i2c.o
 .debug_aranges
                0x000006e8       0x88 ./Drivers/STM32F4xx_HAL_Driver/Src/stm32f4xx_hal_rcc.o
 .debug_aranges
                0x00000770       0x78 ./Drivers/STM32F4xx_HAL_Driver/Src/stm32f4xx_hal_rcc_ex.o
 .debug_aranges
                0x000007e8      0x2a8 ./Middlewares/Third_Party/FreeRTOS/Source/CMSIS_RTOS_V2/cmsis_os2.o
 .debug_aranges
                0x00000a90       0x40 ./Middlewares/Third_Party/FreeRTOS/Source/list.o
 .debug_aranges
                0x00000ad0      0x158 ./Middlewares/Third_Party/FreeRTOS/Source/queue.o
 .debug_aranges
                0x00000c28      0x208 ./Middlewares/Third_Party/FreeRTOS/Source/tasks.o
 .debug_aranges
                0x00000e30       0xf0 ./Middlewares/Third_Party/FreeRTOS/Source/timers.o
 .debug_aranges
                0x00000f20       0x80 ./Middlewares/Third_Party/FreeRTOS/Source/portable/GCC/ARM_CM4F/port.o
 .debug_aranges
                0x00000fa0       0x58 ./Middlewares/Third_Party/FreeRTOS/Source/portable/MemMang/heap_4.o

.debug_rnglists
                0x00000000      0xc33
 .debug_rnglists
                0x00000000       0x32 ./Application_layer/Src/App_LCD.o
 .debug_rnglists
                0x00000032       0x26 ./Common_layer/Src/Comm_LCD.o
 .debug_rnglists
                0x00000058       0x13 ./Common_layer/Src/com_rtos.o
 .debug_rnglists
                0x0000006b       0x20 ./Core/Src/freertos.o
 .debug_rnglists
                0x0000008b       0x19 ./Core/Src/main.o
 .debug_rnglists
                0x000000a4       0x20 ./Core/Src/stm32f4xx_hal_msp.o
 .debug_rnglists
                0x000000c4       0x37 ./Core/Src/stm32f4xx_it.o
 .debug_rnglists
                0x000000fb       0x1a ./Core/Src/system_stm32f4xx.o
 .debug_rnglists
                0x00000115       0x19 ./Core/Startup/startup_stm32f446retx.o
 .debug_rnglists
                0x0000012e       0xaf ./Drivers/STM32F4xx_HAL_Driver/Src/stm32f4xx_hal.o
 .debug_rnglists
                0x000001dd       0xe0 ./Drivers/STM32F4xx_HAL_Driver/Src/stm32f4xx_hal_cortex.o
 .debug_rnglists
                0x000002bd       0x3f ./Drivers/STM32F4xx_HAL_Driver/Src/stm32f4xx_hal_gpio.o
 .debug_rnglists
                0x000002fc      0x23c ./Drivers/STM32F4xx_HAL_Driver/Src/stm32f4xx_hal_i2c.o
 .debug_rnglists
                0x00000538       0x66 ./Drivers/STM32F4xx_HAL_Driver/Src/stm32f4xx_hal_rcc.o
 .debug_rnglists
                0x0000059e       0x5e ./Drivers/STM32F4xx_HAL_Driver/Src/stm32f4xx_hal_rcc_ex.o
 .debug_rnglists
                0x000005fc      0x20c ./Middlewares/Third_Party/FreeRTOS/Source/CMSIS_RTOS_V2/cmsis_os2.o
 .debug_rnglists
                0x00000808       0x2b ./Middlewares/Third_Party/FreeRTOS/Source/list.o
 .debug_rnglists
                0x00000833      0x109 ./Middlewares/Third_Party/FreeRTOS/Source/queue.o
 .debug_rnglists
                0x0000093c      0x1a0 ./Middlewares/Third_Party/FreeRTOS/Source/tasks.o
 .debug_rnglists
                0x00000adc       0xb8 ./Middlewares/Third_Party/FreeRTOS/Source/timers.o
 .debug_rnglists
                0x00000b94       0x5d ./Middlewares/Third_Party/FreeRTOS/Source/portable/GCC/ARM_CM4F/port.o
 .debug_rnglists
                0x00000bf1       0x42 ./Middlewares/Third_Party/FreeRTOS/Source/portable/MemMang/heap_4.o

.debug_macro    0x00000000    0x22ae6
 .debug_macro   0x00000000      0x1e9 ./Application_layer/Src/App_LCD.o
 .debug_macro   0x000001e9      0xad8 ./Application_layer/Src/App_LCD.o
 .debug_macro   0x00000cc1      0x295 ./Application_layer/Src/App_LCD.o
 .debug_macro   0x00000f56       0x2e ./Application_layer/Src/App_LCD.o
 .debug_macro   0x00000f84       0x28 ./Application_layer/Src/App_LCD.o
 .debug_macro   0x00000fac       0x22 ./Application_layer/Src/App_LCD.o
 .debug_macro   0x00000fce       0x8e ./Application_layer/Src/App_LCD.o
 .debug_macro   0x0000105c       0x51 ./Application_layer/Src/App_LCD.o
 .debug_macro   0x000010ad      0x103 ./Application_layer/Src/App_LCD.o
 .debug_macro   0x000011b0       0x6a ./Application_layer/Src/App_LCD.o
 .debug_macro   0x0000121a      0x1df ./Application_layer/Src/App_LCD.o
 .debug_macro   0x000013f9       0x1c ./Application_layer/Src/App_LCD.o
 .debug_macro   0x00001415       0x22 ./Application_layer/Src/App_LCD.o
 .debug_macro   0x00001437       0xfb ./Application_layer/Src/App_LCD.o
 .debug_macro   0x00001532     0x1011 ./Application_layer/Src/App_LCD.o
 .debug_macro   0x00002543      0x11f ./Application_layer/Src/App_LCD.o
 .debug_macro   0x00002662    0x1675e ./Application_layer/Src/App_LCD.o
 .debug_macro   0x00018dc0       0x6d ./Application_layer/Src/App_LCD.o
 .debug_macro   0x00018e2d     0x3693 ./Application_layer/Src/App_LCD.o
 .debug_macro   0x0001c4c0      0x190 ./Application_layer/Src/App_LCD.o
 .debug_macro   0x0001c650       0x5c ./Application_layer/Src/App_LCD.o
 .debug_macro   0x0001c6ac      0xca5 ./Application_layer/Src/App_LCD.o
 .debug_macro   0x0001d351      0x9e9 ./Application_layer/Src/App_LCD.o
 .debug_macro   0x0001dd3a      0x115 ./Application_layer/Src/App_LCD.o
 .debug_macro   0x0001de4f      0x1a0 ./Application_layer/Src/App_LCD.o
 .debug_macro   0x0001dfef       0xa5 ./Application_layer/Src/App_LCD.o
 .debug_macro   0x0001e094      0x16d ./Application_layer/Src/App_LCD.o
 .debug_macro   0x0001e201      0x287 ./Application_layer/Src/App_LCD.o
 .debug_macro   0x0001e488       0x5f ./Application_layer/Src/App_LCD.o
 .debug_macro   0x0001e4e7      0x236 ./Application_layer/Src/App_LCD.o
 .debug_macro   0x0001e71d      0x132 ./Application_layer/Src/App_LCD.o
 .debug_macro   0x0001e84f      0x29c ./Application_layer/Src/App_LCD.o
 .debug_macro   0x0001eaeb       0x2e ./Application_layer/Src/App_LCD.o
 .debug_macro   0x0001eb19      0x1b5 ./Application_layer/Src/App_LCD.o
 .debug_macro   0x0001ecce       0x22 ./Application_layer/Src/App_LCD.o
 .debug_macro   0x0001ecf0       0xd6 ./Application_layer/Src/App_LCD.o
 .debug_macro   0x0001edc6      0x127 ./Application_layer/Src/App_LCD.o
 .debug_macro   0x0001eeed       0xe8 ./Application_layer/Src/App_LCD.o
 .debug_macro   0x0001efd5       0x89 ./Application_layer/Src/App_LCD.o
 .debug_macro   0x0001f05e      0x126 ./Application_layer/Src/App_LCD.o
 .debug_macro   0x0001f184      0x1e9 ./Common_layer/Src/Comm_LCD.o
 .debug_macro   0x0001f36d       0x84 ./Common_layer/Src/com_rtos.o
 .debug_macro   0x0001f3f1       0x10 ./Common_layer/Src/com_rtos.o
 .debug_macro   0x0001f401       0x74 ./Common_layer/Src/com_rtos.o
 .debug_macro   0x0001f475      0x262 ./Core/Src/freertos.o
 .debug_macro   0x0001f6d7      0x169 ./Core/Src/freertos.o
 .debug_macro   0x0001f840      0x15a ./Core/Src/freertos.o
 .debug_macro   0x0001f99a       0xc9 ./Core/Src/freertos.o
 .debug_macro   0x0001fa63       0x1c ./Core/Src/freertos.o
 .debug_macro   0x0001fa7f       0x26 ./Core/Src/freertos.o
 .debug_macro   0x0001faa5      0x4c5 ./Core/Src/freertos.o
 .debug_macro   0x0001ff6a       0xb5 ./Core/Src/freertos.o
 .debug_macro   0x0002001f       0xaa ./Core/Src/freertos.o
 .debug_macro   0x000200c9      0x26d ./Core/Src/main.o
 .debug_macro   0x00020336      0x169 ./Core/Src/main.o
 .debug_macro   0x0002049f       0x66 ./Core/Src/main.o
 .debug_macro   0x00020505       0xdd ./Core/Src/main.o
 .debug_macro   0x000205e2      0x1d3 ./Core/Src/stm32f4xx_hal_msp.o
 .debug_macro   0x000207b5      0x245 ./Core/Src/stm32f4xx_it.o
 .debug_macro   0x000209fa      0x1c9 ./Core/Src/system_stm32f4xx.o
 .debug_macro   0x00020bc3      0x229 ./Drivers/STM32F4xx_HAL_Driver/Src/stm32f4xx_hal.o
 .debug_macro   0x00020dec      0x1c9 ./Drivers/STM32F4xx_HAL_Driver/Src/stm32f4xx_hal_cortex.o
 .debug_macro   0x00020fb5      0x1cf ./Drivers/STM32F4xx_HAL_Driver/Src/stm32f4xx_hal_gpio.o
 .debug_macro   0x00021184      0x217 ./Drivers/STM32F4xx_HAL_Driver/Src/stm32f4xx_hal_i2c.o
 .debug_macro   0x0002139b      0x1ed ./Drivers/STM32F4xx_HAL_Driver/Src/stm32f4xx_hal_rcc.o
 .debug_macro   0x00021588      0x1c9 ./Drivers/STM32F4xx_HAL_Driver/Src/stm32f4xx_hal_rcc_ex.o
 .debug_macro   0x00021751      0x3c0 ./Middlewares/Third_Party/FreeRTOS/Source/CMSIS_RTOS_V2/cmsis_os2.o
 .debug_macro   0x00021b11       0x10 ./Middlewares/Third_Party/FreeRTOS/Source/CMSIS_RTOS_V2/cmsis_os2.o
 .debug_macro   0x00021b21       0x20 ./Middlewares/Third_Party/FreeRTOS/Source/CMSIS_RTOS_V2/cmsis_os2.o
 .debug_macro   0x00021b41       0xf5 ./Middlewares/Third_Party/FreeRTOS/Source/CMSIS_RTOS_V2/cmsis_os2.o
 .debug_macro   0x00021c36       0x91 ./Middlewares/Third_Party/FreeRTOS/Source/CMSIS_RTOS_V2/cmsis_os2.o
 .debug_macro   0x00021cc7       0x8d ./Middlewares/Third_Party/FreeRTOS/Source/CMSIS_RTOS_V2/cmsis_os2.o
 .debug_macro   0x00021d54       0x9a ./Middlewares/Third_Party/FreeRTOS/Source/CMSIS_RTOS_V2/cmsis_os2.o
 .debug_macro   0x00021dee       0x22 ./Middlewares/Third_Party/FreeRTOS/Source/CMSIS_RTOS_V2/cmsis_os2.o
 .debug_macro   0x00021e10       0x56 ./Middlewares/Third_Party/FreeRTOS/Source/CMSIS_RTOS_V2/cmsis_os2.o
 .debug_macro   0x00021e66      0x187 ./Middlewares/Third_Party/FreeRTOS/Source/list.o
 .debug_macro   0x00021fed      0x216 ./Middlewares/Third_Party/FreeRTOS/Source/queue.o
 .debug_macro   0x00022203       0x16 ./Middlewares/Third_Party/FreeRTOS/Source/queue.o
 .debug_macro   0x00022219       0x87 ./Middlewares/Third_Party/FreeRTOS/Source/queue.o
 .debug_macro   0x000222a0      0x27f ./Middlewares/Third_Party/FreeRTOS/Source/tasks.o
 .debug_macro   0x0002251f       0x10 ./Middlewares/Third_Party/FreeRTOS/Source/tasks.o
 .debug_macro   0x0002252f      0x1dc ./Middlewares/Third_Party/FreeRTOS/Source/timers.o
 .debug_macro   0x0002270b       0x97 ./Middlewares/Third_Party/FreeRTOS/Source/timers.o
 .debug_macro   0x000227a2      0x196 ./Middlewares/Third_Party/FreeRTOS/Source/portable/GCC/ARM_CM4F/port.o
 .debug_macro   0x00022938      0x1ae ./Middlewares/Third_Party/FreeRTOS/Source/portable/MemMang/heap_4.o

.debug_line     0x00000000    0x14079
 .debug_line    0x00000000      0x89f ./Application_layer/Src/App_LCD.o
 .debug_line    0x0000089f      0x842 ./Common_layer/Src/Comm_LCD.o
 .debug_line    0x000010e1      0x4cf ./Common_layer/Src/com_rtos.o
 .debug_line    0x000015b0      0x98a ./Core/Src/freertos.o
 .debug_line    0x00001f3a      0x913 ./Core/Src/main.o
 .debug_line    0x0000284d      0x77c ./Core/Src/stm32f4xx_hal_msp.o
 .debug_line    0x00002fc9      0x8c7 ./Core/Src/stm32f4xx_it.o
 .debug_line    0x00003890      0x7a4 ./Core/Src/system_stm32f4xx.o
 .debug_line    0x00004034       0x7a ./Core/Startup/startup_stm32f446retx.o
 .debug_line    0x000040ae      0xa20 ./Drivers/STM32F4xx_HAL_Driver/Src/stm32f4xx_hal.o
 .debug_line    0x00004ace      0xcf0 ./Drivers/STM32F4xx_HAL_Driver/Src/stm32f4xx_hal_cortex.o
 .debug_line    0x000057be      0xb64 ./Drivers/STM32F4xx_HAL_Driver/Src/stm32f4xx_hal_gpio.o
 .debug_line    0x00006322     0x3acd ./Drivers/STM32F4xx_HAL_Driver/Src/stm32f4xx_hal_i2c.o
 .debug_line    0x00009def      0xe3b ./Drivers/STM32F4xx_HAL_Driver/Src/stm32f4xx_hal_rcc.o
 .debug_line    0x0000ac2a     0x14ec ./Drivers/STM32F4xx_HAL_Driver/Src/stm32f4xx_hal_rcc_ex.o
 .debug_line    0x0000c116     0x24da ./Middlewares/Third_Party/FreeRTOS/Source/CMSIS_RTOS_V2/cmsis_os2.o
 .debug_line    0x0000e5f0      0x78c ./Middlewares/Third_Party/FreeRTOS/Source/list.o
 .debug_line    0x0000ed7c     0x16fd ./Middlewares/Third_Party/FreeRTOS/Source/queue.o
 .debug_line    0x00010479     0x1c80 ./Middlewares/Third_Party/FreeRTOS/Source/tasks.o
 .debug_line    0x000120f9      0xdcc ./Middlewares/Third_Party/FreeRTOS/Source/timers.o
 .debug_line    0x00012ec5      0x811 ./Middlewares/Third_Party/FreeRTOS/Source/portable/GCC/ARM_CM4F/port.o
 .debug_line    0x000136d6      0x9a3 ./Middlewares/Third_Party/FreeRTOS/Source/portable/MemMang/heap_4.o

.debug_str      0x00000000    0xd2b85
 .debug_str     0x00000000    0xd2b85 ./Application_layer/Src/App_LCD.o
                              0xc2771 (size before relaxing)
 .debug_str     0x000d2b85    0xc2a19 ./Common_layer/Src/Comm_LCD.o
 .debug_str     0x000d2b85     0x4835 ./Common_layer/Src/com_rtos.o
 .debug_str     0x000d2b85    0xc6ac1 ./Core/Src/freertos.o
 .debug_str     0x000d2b85    0xc6c0e ./Core/Src/main.o
 .debug_str     0x000d2b85    0xc2869 ./Core/Src/stm32f4xx_hal_msp.o
 .debug_str     0x000d2b85    0xc6000 ./Core/Src/stm32f4xx_it.o
 .debug_str     0x000d2b85    0xc2376 ./Core/Src/system_stm32f4xx.o
 .debug_str     0x000d2b85       0x91 ./Core/Startup/startup_stm32f446retx.o
 .debug_str     0x000d2b85    0xc2f3b ./Drivers/STM32F4xx_HAL_Driver/Src/stm32f4xx_hal.o
 .debug_str     0x000d2b85    0xc2c92 ./Drivers/STM32F4xx_HAL_Driver/Src/stm32f4xx_hal_cortex.o
 .debug_str     0x000d2b85    0xc24f1 ./Drivers/STM32F4xx_HAL_Driver/Src/stm32f4xx_hal_gpio.o
 .debug_str     0x000d2b85    0xc3374 ./Drivers/STM32F4xx_HAL_Driver/Src/stm32f4xx_hal_i2c.o
 .debug_str     0x000d2b85    0xc27af ./Drivers/STM32F4xx_HAL_Driver/Src/stm32f4xx_hal_rcc.o
 .debug_str     0x000d2b85    0xc27e2 ./Drivers/STM32F4xx_HAL_Driver/Src/stm32f4xx_hal_rcc_ex.o
 .debug_str     0x000d2b85    0xcd03d ./Middlewares/Third_Party/FreeRTOS/Source/CMSIS_RTOS_V2/cmsis_os2.o
 .debug_str     0x000d2b85     0xac23 ./Middlewares/Third_Party/FreeRTOS/Source/list.o
 .debug_str     0x000d2b85     0xc763 ./Middlewares/Third_Party/FreeRTOS/Source/queue.o
 .debug_str     0x000d2b85     0xd220 ./Middlewares/Third_Party/FreeRTOS/Source/tasks.o
 .debug_str     0x000d2b85     0xcc95 ./Middlewares/Third_Party/FreeRTOS/Source/timers.o
 .debug_str     0x000d2b85     0x87c9 ./Middlewares/Third_Party/FreeRTOS/Source/portable/GCC/ARM_CM4F/port.o
 .debug_str     0x000d2b85     0xb565 ./Middlewares/Third_Party/FreeRTOS/Source/portable/MemMang/heap_4.o

.comment        0x00000000       0x43
 .comment       0x00000000       0x43 ./Application_layer/Src/App_LCD.o
                                 0x44 (size before relaxing)
 .comment       0x00000043       0x44 ./Common_layer/Src/Comm_LCD.o
 .comment       0x00000043       0x44 ./Common_layer/Src/com_rtos.o
 .comment       0x00000043       0x44 ./Core/Src/freertos.o
 .comment       0x00000043       0x44 ./Core/Src/main.o
 .comment       0x00000043       0x44 ./Core/Src/stm32f4xx_hal_msp.o
 .comment       0x00000043       0x44 ./Core/Src/stm32f4xx_it.o
 .comment       0x00000043       0x44 ./Core/Src/system_stm32f4xx.o
 .comment       0x00000043       0x44 ./Drivers/STM32F4xx_HAL_Driver/Src/stm32f4xx_hal.o
 .comment       0x00000043       0x44 ./Drivers/STM32F4xx_HAL_Driver/Src/stm32f4xx_hal_cortex.o
 .comment       0x00000043       0x44 ./Drivers/STM32F4xx_HAL_Driver/Src/stm32f4xx_hal_gpio.o
 .comment       0x00000043       0x44 ./Drivers/STM32F4xx_HAL_Driver/Src/stm32f4xx_hal_i2c.o
 .comment       0x00000043       0x44 ./Drivers/STM32F4xx_HAL_Driver/Src/stm32f4xx_hal_rcc.o
 .comment       0x00000043       0x44 ./Drivers/STM32F4xx_HAL_Driver/Src/stm32f4xx_hal_rcc_ex.o
 .comment       0x00000043       0x44 ./Middlewares/Third_Party/FreeRTOS/Source/CMSIS_RTOS_V2/cmsis_os2.o
 .comment       0x00000043       0x44 ./Middlewares/Third_Party/FreeRTOS/Source/list.o
 .comment       0x00000043       0x44 ./Middlewares/Third_Party/FreeRTOS/Source/queue.o
 .comment       0x00000043       0x44 ./Middlewares/Third_Party/FreeRTOS/Source/tasks.o
 .comment       0x00000043       0x44 ./Middlewares/Third_Party/FreeRTOS/Source/timers.o
 .comment       0x00000043       0x44 ./Middlewares/Third_Party/FreeRTOS/Source/portable/GCC/ARM_CM4F/port.o
 .comment       0x00000043       0x44 ./Middlewares/Third_Party/FreeRTOS/Source/portable/MemMang/heap_4.o

.debug_frame    0x00000000     0x4140
 .debug_frame   0x00000000       0xd0 ./Application_layer/Src/App_LCD.o
 .debug_frame   0x000000d0       0x9c ./Common_layer/Src/Comm_LCD.o
 .debug_frame   0x0000016c       0x34 ./Common_layer/Src/com_rtos.o
 .debug_frame   0x000001a0       0x74 ./Core/Src/freertos.o
 .debug_frame   0x00000214       0x44 ./Core/Src/main.o
 .debug_frame   0x00000258       0x80 ./Core/Src/stm32f4xx_hal_msp.o
 .debug_frame   0x000002d8       0xc4 ./Core/Src/stm32f4xx_it.o
 .debug_frame   0x0000039c       0x58 ./Core/Src/system_stm32f4xx.o
 .debug_frame   0x000003f4      0x374 ./Drivers/STM32F4xx_HAL_Driver/Src/stm32f4xx_hal.o
 .debug_frame   0x00000768      0x508 ./Drivers/STM32F4xx_HAL_Driver/Src/stm32f4xx_hal_cortex.o
 .debug_frame   0x00000c70      0x14c ./Drivers/STM32F4xx_HAL_Driver/Src/stm32f4xx_hal_gpio.o
 .debug_frame   0x00000dbc      0xc84 ./Drivers/STM32F4xx_HAL_Driver/Src/stm32f4xx_hal_i2c.o
 .debug_frame   0x00001a40      0x1f4 ./Drivers/STM32F4xx_HAL_Driver/Src/stm32f4xx_hal_rcc.o
 .debug_frame   0x00001c34      0x1e8 ./Drivers/STM32F4xx_HAL_Driver/Src/stm32f4xx_hal_rcc_ex.o
 .debug_frame   0x00001e1c      0xbc8 ./Middlewares/Third_Party/FreeRTOS/Source/CMSIS_RTOS_V2/cmsis_os2.o
 .debug_frame   0x000029e4       0xd8 ./Middlewares/Third_Party/FreeRTOS/Source/list.o
 .debug_frame   0x00002abc      0x5ec ./Middlewares/Third_Party/FreeRTOS/Source/queue.o
 .debug_frame   0x000030a8      0x8f0 ./Middlewares/Third_Party/FreeRTOS/Source/tasks.o
 .debug_frame   0x00003998      0x400 ./Middlewares/Third_Party/FreeRTOS/Source/timers.o
 .debug_frame   0x00003d98      0x1a8 ./Middlewares/Third_Party/FreeRTOS/Source/portable/GCC/ARM_CM4F/port.o
 .debug_frame   0x00003f40      0x12c ./Middlewares/Third_Party/FreeRTOS/Source/portable/MemMang/heap_4.o
 .debug_frame   0x0000406c       0x20 C:/ST/STM32CubeIDE_1.19.0/STM32CubeIDE/plugins/com.st.stm32cube.ide.mcu.externaltools.gnu-tools-for-stm32.13.3.rel1.win32_1.0.0.202411081344/tools/bin/../lib/gcc/arm-none-eabi/13.3.1/../../../../arm-none-eabi/lib/thumb/v7e-m+fp/hard\libc_nano.a(libc_a-memset.o)
 .debug_frame   0x0000408c       0x2c C:/ST/STM32CubeIDE_1.19.0/STM32CubeIDE/plugins/com.st.stm32cube.ide.mcu.externaltools.gnu-tools-for-stm32.13.3.rel1.win32_1.0.0.202411081344/tools/bin/../lib/gcc/arm-none-eabi/13.3.1/../../../../arm-none-eabi/lib/thumb/v7e-m+fp/hard\libc_nano.a(libc_a-init.o)
 .debug_frame   0x000040b8       0x28 C:/ST/STM32CubeIDE_1.19.0/STM32CubeIDE/plugins/com.st.stm32cube.ide.mcu.externaltools.gnu-tools-for-stm32.13.3.rel1.win32_1.0.0.202411081344/tools/bin/../lib/gcc/arm-none-eabi/13.3.1/../../../../arm-none-eabi/lib/thumb/v7e-m+fp/hard\libc_nano.a(libc_a-memcpy-stub.o)
 .debug_frame   0x000040e0       0x2c C:/ST/STM32CubeIDE_1.19.0/STM32CubeIDE/plugins/com.st.stm32cube.ide.mcu.externaltools.gnu-tools-for-stm32.13.3.rel1.win32_1.0.0.202411081344/tools/bin/../lib/gcc/arm-none-eabi/13.3.1/thumb/v7e-m+fp/hard\libgcc.a(_aeabi_uldivmod.o)
 .debug_frame   0x0000410c       0x34 C:/ST/STM32CubeIDE_1.19.0/STM32CubeIDE/plugins/com.st.stm32cube.ide.mcu.externaltools.gnu-tools-for-stm32.13.3.rel1.win32_1.0.0.202411081344/tools/bin/../lib/gcc/arm-none-eabi/13.3.1/thumb/v7e-m+fp/hard\libgcc.a(_udivmoddi4.o)

.debug_line_str
                0x00000000       0x75
 .debug_line_str
                0x00000000       0x75 ./Core/Startup/startup_stm32f446retx.o
